Component: ARM Compiler 5.06 update 5 (build 528) Tool: armlink [4d35e2]

==============================================================================

Section Cross References

    startup_stm32f303x8.o(RESET) refers to startup_stm32f303x8.o(STACK) for __initial_sp
    startup_stm32f303x8.o(RESET) refers to startup_stm32f303x8.o(.text) for Reset_Handler
    startup_stm32f303x8.o(RESET) refers to stm32f3xx_it.o(i.SysTick_Handler) for SysTick_Handler
    startup_stm32f303x8.o(RESET) refers to stm32f3xx_it.o(i.EXTI1_IRQHandler) for EXTI1_IRQHandler
    startup_stm32f303x8.o(RESET) refers to stm32f3xx_it.o(i.EXTI4_IRQHandler) for EXTI4_IRQHandler
    startup_stm32f303x8.o(RESET) refers to stm32f3xx_it.o(i.EXTI9_5_IRQHandler) for EXTI9_5_IRQHandler
    startup_stm32f303x8.o(RESET) refers to stm32f3xx_it.o(i.TIM1_BRK_TIM15_IRQHandler) for TIM1_BRK_TIM15_IRQHandler
    startup_stm32f303x8.o(RESET) refers to stm32f3xx_it.o(i.TIM1_TRG_COM_TIM17_IRQHandler) for TIM1_TRG_COM_TIM17_IRQHandler
    startup_stm32f303x8.o(RESET) refers to stm32f3xx_it.o(i.TIM2_IRQHandler) for TIM2_IRQHandler
    startup_stm32f303x8.o(RESET) refers to stm32f3xx_it.o(i.EXTI15_10_IRQHandler) for EXTI15_10_IRQHandler
    startup_stm32f303x8.o(.text) refers to system_stm32f3xx.o(i.SystemInit) for SystemInit
    startup_stm32f303x8.o(.text) refers to entry.o(.ARM.Collect$$$$00000000) for __main
    lcd.o(i.ClearGDRAM) refers to lcd.o(i.WriteInstruction) for WriteInstruction
    lcd.o(i.ClearGDRAM) refers to lcd.o(i.WriteRam) for WriteRam
    lcd.o(i.ClearScreen) refers to lcd.o(i.WriteInstruction) for WriteInstruction
    lcd.o(i.DWT_Delay_us) refers to stm32f3xx_hal_rcc.o(i.HAL_RCC_GetHCLKFreq) for HAL_RCC_GetHCLKFreq
    lcd.o(i.DisplayChar) refers to lcd.o(i.WriteInstruction) for WriteInstruction
    lcd.o(i.DisplayChar) refers to lcd.o(i.WriteRam) for WriteRam
    lcd.o(i.DisplayStringLeftAlligned) refers to lcd.o(i.WriteInstruction) for WriteInstruction
    lcd.o(i.DisplayStringLeftAlligned) refers to lcd.o(i.WriteRam) for WriteRam
    lcd.o(i.DisplayStringRightAlligned) refers to lcd.o(i.WriteInstruction) for WriteInstruction
    lcd.o(i.DisplayStringRightAlligned) refers to lcd.o(i.WriteRam) for WriteRam
    lcd.o(i.DivideHalfInverseT) refers to lcd.o(i.WriteInstruction) for WriteInstruction
    lcd.o(i.DivideHalfInverseT) refers to lcd.o(i.WriteRam) for WriteRam
    lcd.o(i.DivideHorizontal) refers to lcd.o(i.WriteInstruction) for WriteInstruction
    lcd.o(i.DivideHorizontal) refers to lcd.o(i.WriteRam) for WriteRam
    lcd.o(i.DivideInverseT) refers to lcd.o(i.WriteInstruction) for WriteInstruction
    lcd.o(i.DivideInverseT) refers to lcd.o(i.WriteRam) for WriteRam
    lcd.o(i.DivideQuadrant) refers to lcd.o(i.WriteInstruction) for WriteInstruction
    lcd.o(i.DivideQuadrant) refers to lcd.o(i.WriteRam) for WriteRam
    lcd.o(i.DivideT) refers to lcd.o(i.WriteInstruction) for WriteInstruction
    lcd.o(i.DivideT) refers to lcd.o(i.WriteRam) for WriteRam
    lcd.o(i.DivideVertical) refers to lcd.o(i.WriteInstruction) for WriteInstruction
    lcd.o(i.DivideVertical) refers to lcd.o(i.WriteRam) for WriteRam
    lcd.o(i.FillGDRAM) refers to lcd.o(i.WriteInstruction) for WriteInstruction
    lcd.o(i.FillGDRAM) refers to lcd.o(i.WriteRam) for WriteRam
    lcd.o(i.FillGDRAM_Turned) refers to lcd.o(i.WriteInstruction) for WriteInstruction
    lcd.o(i.FillGDRAM_Turned) refers to lcd.o(i.WriteRam) for WriteRam
    lcd.o(i.HighlightBottomText) refers to lcd.o(i.WriteInstruction) for WriteInstruction
    lcd.o(i.HighlightBottomText) refers to lcd.o(i.WriteRam) for WriteRam
    lcd.o(i.HighlightMenuItem) refers to lcd.o(i.WriteInstruction) for WriteInstruction
    lcd.o(i.HighlightMenuItem) refers to lcd.o(i.WriteRam) for WriteRam
    lcd.o(i.HighlightTopLeftText) refers to lcd.o(i.WriteInstruction) for WriteInstruction
    lcd.o(i.HighlightTopLeftText) refers to lcd.o(i.WriteRam) for WriteRam
    lcd.o(i.HighlightTopRightText) refers to lcd.o(i.WriteInstruction) for WriteInstruction
    lcd.o(i.HighlightTopRightText) refers to lcd.o(i.WriteRam) for WriteRam
    lcd.o(i.InitDisplay) refers to stm32f3xx_hal.o(i.HAL_Delay) for HAL_Delay
    lcd.o(i.InitDisplay) refers to lcd.o(i.WriteInstruction) for WriteInstruction
    lcd.o(i.InitDisplay) refers to lcd.o(i.DWT_Delay_us) for DWT_Delay_us
    lcd.o(i.ReturnHome) refers to lcd.o(i.WriteInstruction) for WriteInstruction
    lcd.o(i.SetGraphicsMode) refers to lcd.o(i.WriteInstruction) for WriteInstruction
    lcd.o(i.SetTextMode) refers to lcd.o(i.WriteInstruction) for WriteInstruction
    lcd.o(i.SpiWrite) refers to stm32f3xx_hal_spi.o(i.HAL_SPI_Transmit) for HAL_SPI_Transmit
    lcd.o(i.Standby) refers to lcd.o(i.WriteInstruction) for WriteInstruction
    lcd.o(i.WriteInstruction) refers to lcd.o(i.SpiWrite) for SpiWrite
    lcd.o(i.WriteInstruction) refers to lcd.o(i.DWT_Delay_us) for DWT_Delay_us
    lcd.o(i.WriteRam) refers to lcd.o(i.SpiWrite) for SpiWrite
[...]
    Removing stm32f3xx_hal_i2c.o(i.HAL_I2C_ER_IRQHandler), (98 bytes).
    Removing stm32f3xx_hal_i2c.o(i.HAL_I2C_EV_IRQHandler), (16 bytes).
    Removing stm32f3xx_hal_i2c.o(i.HAL_I2C_EnableListen_IT), (40 bytes).
    Removing stm32f3xx_hal_i2c.o(i.HAL_I2C_ErrorCallback), (2 bytes).
    Removing stm32f3xx_hal_i2c.o(i.HAL_I2C_GetError), (4 bytes).
    Removing stm32f3xx_hal_i2c.o(i.HAL_I2C_GetMode), (6 bytes).
    Removing stm32f3xx_hal_i2c.o(i.HAL_I2C_GetState), (6 bytes).
    Removing stm32f3xx_hal_i2c.o(i.HAL_I2C_Init), (184 bytes).
    Removing stm32f3xx_hal_i2c.o(i.HAL_I2C_IsDeviceReady), (288 bytes).
    Removing stm32f3xx_hal_i2c.o(i.HAL_I2C_ListenCpltCallback), (2 bytes).
    Removing stm32f3xx_hal_i2c.o(i.HAL_I2C_MasterRxCpltCallback), (2 bytes).
    Removing stm32f3xx_hal_i2c.o(i.HAL_I2C_MasterTxCpltCallback), (2 bytes).
    Removing stm32f3xx_hal_i2c.o(i.HAL_I2C_Master_Abort_IT), (96 bytes).
    Removing stm32f3xx_hal_i2c.o(i.HAL_I2C_Master_Receive), (304 bytes).
    Removing stm32f3xx_hal_i2c.o(i.HAL_I2C_Master_Receive_DMA), (244 bytes).
    Removing stm32f3xx_hal_i2c.o(i.HAL_I2C_Master_Receive_IT), (136 bytes).
    Removing stm32f3xx_hal_i2c.o(i.HAL_I2C_Master_Sequential_Receive_IT), (128 bytes).
    Removing stm32f3xx_hal_i2c.o(i.HAL_I2C_Master_Sequential_Transmit_IT), (124 bytes).
    Removing stm32f3xx_hal_i2c.o(i.HAL_I2C_Master_Transmit), (300 bytes).
    Removing stm32f3xx_hal_i2c.o(i.HAL_I2C_Master_Transmit_DMA), (248 bytes).
    Removing stm32f3xx_hal_i2c.o(i.HAL_I2C_Master_Transmit_IT), (136 bytes).
    Removing stm32f3xx_hal_i2c.o(i.HAL_I2C_MemRxCpltCallback), (2 bytes).
    Removing stm32f3xx_hal_i2c.o(i.HAL_I2C_MemTxCpltCallback), (2 bytes).
    Removing stm32f3xx_hal_i2c.o(i.HAL_I2C_Mem_Read), (368 bytes).
    Removing stm32f3xx_hal_i2c.o(i.HAL_I2C_Mem_Read_DMA), (264 bytes).
    Removing stm32f3xx_hal_i2c.o(i.HAL_I2C_Mem_Read_IT), (204 bytes).
    Removing stm32f3xx_hal_i2c.o(i.HAL_I2C_Mem_Write), (360 bytes).
    Removing stm32f3xx_hal_i2c.o(i.HAL_I2C_Mem_Write_DMA), (260 bytes).
    Removing stm32f3xx_hal_i2c.o(i.HAL_I2C_Mem_Write_IT), (200 bytes).
    Removing stm32f3xx_hal_i2c.o(i.HAL_I2C_MspDeInit), (2 bytes).
    Removing stm32f3xx_hal_i2c.o(i.HAL_I2C_MspInit), (2 bytes).
    Removing stm32f3xx_hal_i2c.o(i.HAL_I2C_SlaveRxCpltCallback), (2 bytes).
    Removing stm32f3xx_hal_i2c.o(i.HAL_I2C_SlaveTxCpltCallback), (2 bytes).
    Removing stm32f3xx_hal_i2c.o(i.HAL_I2C_Slave_Receive), (314 bytes).
    Removing stm32f3xx_hal_i2c.o(i.HAL_I2C_Slave_Receive_DMA), (164 bytes).
    Removing stm32f3xx_hal_i2c.o(i.HAL_I2C_Slave_Receive_IT), (92 bytes).
    Removing stm32f3xx_hal_i2c.o(i.HAL_I2C_Slave_Sequential_Receive_IT), (152 bytes).
    Removing stm32f3xx_hal_i2c.o(i.HAL_I2C_Slave_Sequential_Transmit_IT), (152 bytes).
    Removing stm32f3xx_hal_i2c.o(i.HAL_I2C_Slave_Transmit), (314 bytes).
    Removing stm32f3xx_hal_i2c.o(i.HAL_I2C_Slave_Transmit_DMA), (156 bytes).
    Removing stm32f3xx_hal_i2c.o(i.HAL_I2C_Slave_Transmit_IT), (92 bytes).
    Removing stm32f3xx_hal_i2c.o(i.I2C_DMAAbort), (50 bytes).
    Removing stm32f3xx_hal_i2c.o(i.I2C_DMAError), (18 bytes).
    Removing stm32f3xx_hal_i2c.o(i.I2C_DMAMasterReceiveCplt), (66 bytes).
    Removing stm32f3xx_hal_i2c.o(i.I2C_DMAMasterTransmitCplt), (66 bytes).
    Removing stm32f3xx_hal_i2c.o(i.I2C_DMASlaveReceiveCplt), (2 bytes).
    Removing stm32f3xx_hal_i2c.o(i.I2C_DMASlaveTransmitCplt), (2 bytes).
    Removing stm32f3xx_hal_i2c.o(i.I2C_Disable_IRQ), (86 bytes).
    Removing stm32f3xx_hal_i2c.o(i.I2C_Enable_IRQ), (96 bytes).
    Removing stm32f3xx_hal_i2c.o(i.I2C_Flush_TXDR), (34 bytes).
    Removing stm32f3xx_hal_i2c.o(i.I2C_ITAddrCplt), (136 bytes).
    Removing stm32f3xx_hal_i2c.o(i.I2C_ITError), (224 bytes).
    Removing stm32f3xx_hal_i2c.o(i.I2C_ITListenCplt), (92 bytes).
    Removing stm32f3xx_hal_i2c.o(i.I2C_ITMasterCplt), (180 bytes).
    Removing stm32f3xx_hal_i2c.o(i.I2C_ITMasterSequentialCplt), (76 bytes).
    Removing stm32f3xx_hal_i2c.o(i.I2C_ITSlaveCplt), (240 bytes).
    Removing stm32f3xx_hal_i2c.o(i.I2C_ITSlaveSequentialCplt), (84 bytes).
    Removing stm32f3xx_hal_i2c.o(i.I2C_IsAcknowledgeFailed), (124 bytes).
    Removing stm32f3xx_hal_i2c.o(i.I2C_Master_ISR_DMA), (196 bytes).
    Removing stm32f3xx_hal_i2c.o(i.I2C_Master_ISR_IT), (288 bytes).
    Removing stm32f3xx_hal_i2c.o(i.I2C_RequestMemoryRead), (112 bytes).
    Removing stm32f3xx_hal_i2c.o(i.I2C_RequestMemoryWrite), (112 bytes).
    Removing stm32f3xx_hal_i2c.o(i.I2C_Slave_ISR_DMA), (106 bytes).
    Removing stm32f3xx_hal_i2c.o(i.I2C_Slave_ISR_IT), (272 bytes).
    Removing stm32f3xx_hal_i2c.o(i.I2C_TransferConfig), (44 bytes).
    Removing stm32f3xx_hal_i2c.o(i.I2C_WaitOnFlagUntilTimeout), (82 bytes).
    Removing stm32f3xx_hal_i2c.o(i.I2C_WaitOnRXNEFlagUntilTimeout), (136 bytes).
    Removing stm32f3xx_hal_i2c.o(i.I2C_WaitOnSTOPFlagUntilTimeout), (78 bytes).
    Removing stm32f3xx_hal_i2c.o(i.I2C_WaitOnTXISFlagUntilTimeout), (82 bytes).
    Removing stm32f3xx_hal_i2c_ex.o(.rev16_text), (4 bytes).
    Removing stm32f3xx_hal_i2c_ex.o(.revsh_text), (4 bytes).
    Removing stm32f3xx_hal_i2c_ex.o(.rrx_text), (6 bytes).
    Removing stm32f3xx_hal_i2c_ex.o(i.HAL_I2CEx_ConfigAnalogFilter), (86 bytes).
    Removing stm32f3xx_hal_i2c_ex.o(i.HAL_I2CEx_ConfigDigitalFilter), (82 bytes).
    Removing stm32f3xx_hal_i2c_ex.o(i.HAL_I2CEx_DisableFastModePlus), (40 bytes).
    Removing stm32f3xx_hal_i2c_ex.o(i.HAL_I2CEx_DisableWakeUp), (78 bytes).
    Removing stm32f3xx_hal_i2c_ex.o(i.HAL_I2CEx_EnableFastModePlus), (40 bytes).
    Removing stm32f3xx_hal_i2c_ex.o(i.HAL_I2CEx_EnableWakeUp), (78 bytes).
    Removing system_stm32f3xx.o(.rev16_text), (4 bytes).
    Removing system_stm32f3xx.o(.revsh_text), (4 bytes).
    Removing system_stm32f3xx.o(.rrx_text), (6 bytes).
    Removing system_stm32f3xx.o(i.SystemCoreClockUpdate), (112 bytes).

497 unused section(s) (total 34496 bytes) removed from the image.

==============================================================================

Image Symbol Table

    Local Symbols

    Symbol Name                              Value     Ov Type        Size  Object(Section)

    ..//Src/system_stm32f3xx.c               0x00000000   Number         0  system_stm32f3xx.o ABSOLUTE
    ../Drivers/STM32F3xx_HAL_Driver/Src/stm32f3xx_hal.c 0x00000000   Number         0  stm32f3xx_hal.o ABSOLUTE
    ../Drivers/STM32F3xx_HAL_Driver/Src/stm32f3xx_hal_cortex.c 0x00000000   Number         0  stm32f3xx_hal_cortex.o ABSOLUTE
    ../Drivers/STM32F3xx_HAL_Driver/Src/stm32f3xx_hal_dma.c 0x00000000   Number         0  stm32f3xx_hal_dma.o ABSOLUTE
    ../Drivers/STM32F3xx_HAL_Driver/Src/stm32f3xx_hal_flash.c 0x00000000   Number         0  stm32f3xx_hal_flash.o ABSOLUTE
    ../Drivers/STM32F3xx_HAL_Driver/Src/stm32f3xx_hal_flash_ex.c 0x00000000   Number         0  stm32f3xx_hal_flash_ex.o ABSOLUTE
    ../Drivers/STM32F3xx_HAL_Driver/Src/stm32f3xx_hal_gpio.c 0x00000000   Number         0  stm32f3xx_hal_gpio.o ABSOLUTE
    ../Drivers/STM32F3xx_HAL_Driver/Src/stm32f3xx_hal_i2c.c 0x00000000   Number         0  stm32f3xx_hal_i2c.o ABSOLUTE
    ../Drivers/STM32F3xx_HAL_Driver/Src/stm32f3xx_hal_i2c_ex.c 0x00000000   Number         0  stm32f3xx_hal_i2c_ex.o ABSOLUTE
    ../Drivers/STM32F3xx_HAL_Driver/Src/stm32f3xx_hal_pwr.c 0x00000000   Number         0  stm32f3xx_hal_pwr.o ABSOLUTE
    ../Drivers/STM32F3xx_HAL_Driver/Src/stm32f3xx_hal_pwr_ex.c 0x00000000   Number         0  stm32f3xx_hal_pwr_ex.o ABSOLUTE
    ../Drivers/STM32F3xx_HAL_Driver/Src/stm32f3xx_hal_rcc.c 0x00000000   Number         0  stm32f3xx_hal_rcc.o ABSOLUTE
    ../Drivers/STM32F3xx_HAL_Driver/Src/stm32f3xx_hal_rcc_ex.c 0x00000000   Number         0  stm32f3xx_hal_rcc_ex.o ABSOLUTE
    ../Drivers/STM32F3xx_HAL_Driver/Src/stm32f3xx_hal_spi.c 0x00000000   Number         0  stm32f3xx_hal_spi.o ABSOLUTE
    ../Drivers/STM32F3xx_HAL_Driver/Src/stm32f3xx_hal_spi_ex.c 0x00000000   Number         0  stm32f3xx_hal_spi_ex.o ABSOLUTE
    ../Drivers/STM32F3xx_HAL_Driver/Src/stm32f3xx_hal_tim.c 0x00000000   Number         0  stm32f3xx_hal_tim.o ABSOLUTE
    ../Drivers/STM32F3xx_HAL_Driver/Src/stm32f3xx_hal_tim_ex.c 0x00000000   Number         0  stm32f3xx_hal_tim_ex.o ABSOLUTE
    ../Drivers/STM32F3xx_HAL_Driver/Src/stm32f3xx_hal_uart.c 0x00000000   Number         0  stm32f3xx_hal_uart.o ABSOLUTE
    ../Drivers/STM32F3xx_HAL_Driver/Src/stm32f3xx_hal_uart_ex.c 0x00000000   Number         0  stm32f3xx_hal_uart_ex.o ABSOLUTE
    ../Src/main.c                            0x00000000   Number         0  main.o ABSOLUTE
    ../Src/stm32f3xx_hal_msp.c               0x00000000   Number         0  stm32f3xx_hal_msp.o ABSOLUTE
    ../Src/stm32f3xx_it.c                    0x00000000   Number         0  stm32f3xx_it.o ABSOLUTE
    ../clib/microlib/division.c              0x00000000   Number         0  uidiv.o ABSOLUTE
    ../clib/microlib/division.c              0x00000000   Number         0  uldiv.o ABSOLUTE
    ../clib/microlib/init/entry.s            0x00000000   Number         0  entry11a.o ABSOLUTE
    ../clib/microlib/init/entry.s            0x00000000   Number         0  entry.o ABSOLUTE
    ../clib/microlib/init/entry.s            0x00000000   Number         0  entry8a.o ABSOLUTE
    ../clib/microlib/init/entry.s            0x00000000   Number         0  entry7b.o ABSOLUTE
    ../clib/microlib/init/entry.s            0x00000000   Number         0  entry7a.o ABSOLUTE
    ../clib/microlib/init/entry.s            0x00000000   Number         0  entry5.o ABSOLUTE
    ../clib/microlib/init/entry.s            0x00000000   Number         0  entry2.o ABSOLUTE
    ../clib/microlib/init/entry.s            0x00000000   Number         0  entry11b.o ABSOLUTE
    ../clib/microlib/init/entry.s            0x00000000   Number         0  entry10b.o ABSOLUTE
    ../clib/microlib/init/entry.s            0x00000000   Number         0  entry10a.o ABSOLUTE
    ../clib/microlib/init/entry.s            0x00000000   Number         0  entry9b.o ABSOLUTE
    ../clib/microlib/init/entry.s            0x00000000   Number         0  entry9a.o ABSOLUTE
    ../clib/microlib/init/entry.s            0x00000000   Number         0  entry8b.o ABSOLUTE
    ../clib/microlib/longlong.c              0x00000000   Number         0  llsshr.o ABSOLUTE
    ../clib/microlib/longlong.c              0x00000000   Number         0  llshl.o ABSOLUTE
    ../clib/microlib/longlong.c              0x00000000   Number         0  llushr.o ABSOLUTE
    ../clib/microlib/malloc/malloc.c         0x00000000   Number         0  malloc.o ABSOLUTE
    ../clib/microlib/malloc/malloc.c         0x00000000   Number         0  mallocr.o ABSOLUTE
    ../clib/microlib/malloc/malloc.c         0x00000000   Number         0  mallocra.o ABSOLUTE
    ../clib/microlib/malloc/malloc.c         0x00000000   Number         0  malloca.o ABSOLUTE
    ../clib/microlib/malloc/mvars.c          0x00000000   Number         0  mvars.o ABSOLUTE
    ../clib/microlib/printf/printf.c         0x00000000   Number         0  printfa.o ABSOLUTE
    ../clib/microlib/printf/printf.c         0x00000000   Number         0  printf7.o ABSOLUTE
    ../clib/microlib/printf/printf.c         0x00000000   Number         0  printf0.o ABSOLUTE
    ../clib/microlib/printf/printf.c         0x00000000   Number         0  printf4.o ABSOLUTE
    ../clib/microlib/printf/printf.c         0x00000000   Number         0  printf2.o ABSOLUTE
    ../clib/microlib/printf/printf.c         0x00000000   Number         0  printf3.o ABSOLUTE
    ../clib/microlib/printf/printf.c         0x00000000   Number         0  printf1.o ABSOLUTE
    ../clib/microlib/printf/printf.c         0x00000000   Number         0  printfb.o ABSOLUTE
    ../clib/microlib/printf/printf.c         0x00000000   Number         0  printf8.o ABSOLUTE
    ../clib/microlib/printf/printf.c         0x00000000   Number         0  printf5.o ABSOLUTE
    ../clib/microlib/printf/printf.c         0x00000000   Number         0  printf6.o ABSOLUTE
    ../clib/microlib/printf/stubs.s          0x00000000   Number         0  stubs.o ABSOLUTE
    ../clib/microlib/stdio/fputc.c           0x00000000   Number         0  fputc.o ABSOLUTE
    ../clib/microlib/stdio/semi.s            0x00000000   Number         0  semi.o ABSOLUTE
    ../clib/microlib/stdio/streams.c         0x00000000   Number         0  stdout.o ABSOLUTE
    ../clib/microlib/string/memcpy.c         0x00000000   Number         0  memcpyb.o ABSOLUTE
    ../clib/microlib/string/memcpy.c         0x00000000   Number         0  memcpya.o ABSOLUTE
    ../clib/microlib/stubs.s                 0x00000000   Number         0  iusefp.o ABSOLUTE
    ../clib/microlib/stubs.s                 0x00000000   Number         0  iusesemip.o ABSOLUTE
    ../fplib/microlib/f2d.c                  0x00000000   Number         0  f2d.o ABSOLUTE
    ../fplib/microlib/fpadd.c                0x00000000   Number         0  dadd.o ABSOLUTE
    ../fplib/microlib/fpdiv.c                0x00000000   Number         0  ddiv.o ABSOLUTE
    ../fplib/microlib/fpepilogue.c           0x00000000   Number         0  depilogue.o ABSOLUTE
    ../fplib/microlib/fpfix.c                0x00000000   Number         0  dfixul.o ABSOLUTE
    ../fplib/microlib/fpmul.c                0x00000000   Number         0  dmul.o ABSOLUTE
    ..\Drivers\STM32F3xx_HAL_Driver\Src\stm32f3xx_hal.c 0x00000000   Number         0  stm32f3xx_hal.o ABSOLUTE
    ..\Drivers\STM32F3xx_HAL_Driver\Src\stm32f3xx_hal_cortex.c 0x00000000   Number         0  stm32f3xx_hal_cortex.o ABSOLUTE
    ..\Drivers\STM32F3xx_HAL_Driver\Src\stm32f3xx_hal_dma.c 0x00000000   Number         0  stm32f3xx_hal_dma.o ABSOLUTE
    ..\Drivers\STM32F3xx_HAL_Driver\Src\stm32f3xx_hal_flash.c 0x00000000   Number         0  stm32f3xx_hal_flash.o ABSOLUTE
    ..\Drivers\STM32F3xx_HAL_Driver\Src\stm32f3xx_hal_flash_ex.c 0x00000000   Number         0  stm32f3xx_hal_flash_ex.o ABSOLUTE
    ..\Drivers\STM32F3xx_HAL_Driver\Src\stm32f3xx_hal_gpio.c 0x00000000   Number         0  stm32f3xx_hal_gpio.o ABSOLUTE
    ..\Drivers\STM32F3xx_HAL_Driver\Src\stm32f3xx_hal_i2c.c 0x00000000   Number         0  stm32f3xx_hal_i2c.o ABSOLUTE
    ..\Drivers\STM32F3xx_HAL_Driver\Src\stm32f3xx_hal_i2c_ex.c 0x00000000   Number         0  stm32f3xx_hal_i2c_ex.o ABSOLUTE
    ..\Drivers\STM32F3xx_HAL_Driver\Src\stm32f3xx_hal_pwr.c 0x00000000   Number         0  stm32f3xx_hal_pwr.o ABSOLUTE
    ..\Drivers\STM32F3xx_HAL_Driver\Src\stm32f3xx_hal_pwr_ex.c 0x00000000   Number         0  stm32f3xx_hal_pwr_ex.o ABSOLUTE
    ..\Drivers\STM32F3xx_HAL_Driver\Src\stm32f3xx_hal_rcc.c 0x00000000   Number         0  stm32f3xx_hal_rcc.o ABSOLUTE
    ..\Drivers\STM32F3xx_HAL_Driver\Src\stm32f3xx_hal_rcc_ex.c 0x00000000   Number         0  stm32f3xx_hal_rcc_ex.o ABSOLUTE
    ..\Drivers\STM32F3xx_HAL_Driver\Src\stm32f3xx_hal_spi.c 0x00000000   Number         0  stm32f3xx_hal_spi.o ABSOLUTE
    ..\Drivers\STM32F3xx_HAL_Driver\Src\stm32f3xx_hal_spi_ex.c 0x00000000   Number         0  stm32f3xx_hal_spi_ex.o ABSOLUTE
    ..\Drivers\STM32F3xx_HAL_Driver\Src\stm32f3xx_hal_tim.c 0x00000000   Number         0  stm32f3xx_hal_tim.o ABSOLUTE
    ..\Drivers\STM32F3xx_HAL_Driver\Src\stm32f3xx_hal_tim_ex.c 0x00000000   Number         0  stm32f3xx_hal_tim_ex.o ABSOLUTE
    ..\Drivers\STM32F3xx_HAL_Driver\Src\stm32f3xx_hal_uart.c 0x00000000   Number         0  stm32f3xx_hal_uart.o ABSOLUTE
    ..\Drivers\STM32F3xx_HAL_Driver\Src\stm32f3xx_hal_uart_ex.c 0x00000000   Number         0  stm32f3xx_hal_uart_ex.o ABSOLUTE
    ..\Src\LCD.c                             0x00000000   Number         0  lcd.o ABSOLUTE
    ..\Src\dwt_stm32_delay.c                 0x00000000   Number         0  dwt_stm32_delay.o ABSOLUTE
    ..\Src\main.c                            0x00000000   Number         0  main.o ABSOLUTE
    ..\Src\stm32f3xx_hal_msp.c               0x00000000   Number         0  stm32f3xx_hal_msp.o ABSOLUTE
    ..\Src\stm32f3xx_it.c                    0x00000000   Number         0  stm32f3xx_it.o ABSOLUTE
    ..\\Src\\LCD.c                           0x00000000   Number         0  lcd.o ABSOLUTE
    ..\\Src\\dwt_stm32_delay.c               0x00000000   Number         0  dwt_stm32_delay.o ABSOLUTE
    ..\\Src\system_stm32f3xx.c               0x00000000   Number         0  system_stm32f3xx.o ABSOLUTE
    cdrcmple.s                               0x00000000   Number         0  cdrcmple.o ABSOLUTE
    dc.s                                     0x00000000   Number         0  dc.o ABSOLUTE
    handlers.s                               0x00000000   Number         0  handlers.o ABSOLUTE
    init.s                                   0x00000000   Number         0  init.o ABSOLUTE
    startup_stm32f303x8.s                    0x00000000   Number         0  startup_stm32f303x8.o ABSOLUTE
    RESET                                    0x08000000   Section      392  startup_stm32f303x8.o(RESET)
    .ARM.Collect$$$$00000000                 0x08000188   Section        0  entry.o(.ARM.Collect$$$$00000000)
    .ARM.Collect$$$$00000001                 0x08000188   Section        4  entry2.o(.ARM.Collect$$$$00000001)
    .ARM.Collect$$$$00000004                 0x0800018c   Section        4  entry5.o(.ARM.Collect$$$$00000004)
    .ARM.Collect$$$$00000008                 0x08000190   Section        0  entry7b.o(.ARM.Collect$$$$00000008)
    .ARM.Collect$$$$0000000A                 0x08000190   Section        0  entry8b.o(.ARM.Collect$$$$0000000A)
    .ARM.Collect$$$$0000000B                 0x08000190   Section        8  entry9a.o(.ARM.Collect$$$$0000000B)
    .ARM.Collect$$$$0000000D                 0x08000198   Section        0  entry10a.o(.ARM.Collect$$$$0000000D)
    .ARM.Collect$$$$0000000F                 0x08000198   Section        0  entry11a.o(.ARM.Collect$$$$0000000F)
    .ARM.Collect$$$$00002712                 0x08000198   Section        4  entry2.o(.ARM.Collect$$$$00002712)
    __lit__00000000                          0x08000198   Data           4  entry2.o(.ARM.Collect$$$$00002712)
    .text                                    0x0800019c   Section       36  startup_stm32f303x8.o(.text)
    $v0                                      0x0800019c   Number         0  startup_stm32f303x8.o(.text)
    .text                                    0x080001c0   Section        0  llushr.o(.text)
    .text                                    0x080001e0   Section        0  f2d.o(.text)
    .text                                    0x08000206   Section        0  uidiv.o(.text)
    .text                                    0x08000232   Section        0  uldiv.o(.text)
    .text                                    0x08000294   Section        0  dadd.o(.text)
    .text                                    0x08000294   Section        0  iusefp.o(.text)
    .text                                    0x080003e2   Section        0  dmul.o(.text)
    .text                                    0x080004c6   Section        0  ddiv.o(.text)
    .text                                    0x080005a4   Section        0  dfixul.o(.text)
    .text                                    0x080005d4   Section       48  cdrcmple.o(.text)
    .text                                    0x08000604   Section       36  init.o(.text)
    .text                                    0x08000628   Section        0  llshl.o(.text)
    .text                                    0x08000646   Section        0  llsshr.o(.text)
    .text                                    0x0800066a   Section        0  depilogue.o(.text)
    i.ClearGDRAM                             0x08000724   Section        0  lcd.o(i.ClearGDRAM)
    i.ClearScreen                            0x0800076e   Section        0  lcd.o(i.ClearScreen)
    i.DWT_Delay_Init                         0x08000784   Section        0  dwt_stm32_delay.o(i.DWT_Delay_Init)
    i.DWT_Delay_us                           0x080007c8   Section        0  lcd.o(i.DWT_Delay_us)
    DWT_Delay_us                             0x080007c9   Thumb Code    34  lcd.o(i.DWT_Delay_us)
    i.DisplayStringLeftAlligned              0x080007f4   Section        0  lcd.o(i.DisplayStringLeftAlligned)
    i.DisplayStringRightAlligned             0x08000852   Section        0  lcd.o(i.DisplayStringRightAlligned)
    i.DivideHalfInverseT                     0x080008c0   Section        0  lcd.o(i.DivideHalfInverseT)
    i.EXTI15_10_IRQHandler                   0x0800094a   Section        0  stm32f3xx_it.o(i.EXTI15_10_IRQHandler)
    i.EXTI1_IRQHandler                       0x08000952   Section        0  stm32f3xx_it.o(i.EXTI1_IRQHandler)
    i.EXTI4_IRQHandler                       0x08000958   Section        0  stm32f3xx_it.o(i.EXTI4_IRQHandler)
    i.EXTI9_5_IRQHandler                     0x0800095e   Section        0  stm32f3xx_it.o(i.EXTI9_5_IRQHandler)
    i.HAL_Delay                              0x08000964   Section        0  stm32f3xx_hal.o(i.HAL_Delay)
    i.HAL_GPIO_EXTI_Callback                 0x08000988   Section        0  main.o(i.HAL_GPIO_EXTI_Callback)
    i.HAL_GPIO_EXTI_IRQHandler               0x08000c20   Section        0  stm32f3xx_hal_gpio.o(i.HAL_GPIO_EXTI_IRQHandler)
    i.HAL_GPIO_Init                          0x08000c38   Section        0  stm32f3xx_hal_gpio.o(i.HAL_GPIO_Init)
    i.HAL_GPIO_ReadPin                       0x08000db8   Section        0  stm32f3xx_hal_gpio.o(i.HAL_GPIO_ReadPin)
    i.HAL_GPIO_WritePin                      0x08000dc2   Section        0  stm32f3xx_hal_gpio.o(i.HAL_GPIO_WritePin)
    i.HAL_GetTick                            0x08000dcc   Section        0  stm32f3xx_hal.o(i.HAL_GetTick)
    i.HAL_IncTick                            0x08000dd8   Section        0  stm32f3xx_hal.o(i.HAL_IncTick)
    i.HAL_Init                               0x08000de8   Section        0  stm32f3xx_hal.o(i.HAL_Init)
    i.HAL_InitTick                           0x08000e0c   Section        0  stm32f3xx_hal.o(i.HAL_InitTick)
    i.HAL_MspInit                            0x08000e4c   Section        0  stm32f3xx_hal_msp.o(i.HAL_MspInit)
    i.HAL_NVIC_EnableIRQ                     0x08000ecc   Section        0  stm32f3xx_hal_cortex.o(i.HAL_NVIC_EnableIRQ)
    i.HAL_NVIC_SetPriority                   0x08000ee4   Section        0  stm32f3xx_hal_cortex.o(i.HAL_NVIC_SetPriority)
    i.HAL_NVIC_SetPriorityGrouping           0x08000f24   Section        0  stm32f3xx_hal_cortex.o(i.HAL_NVIC_SetPriorityGrouping)
    i.HAL_RCCEx_PeriphCLKConfig              0x08000f48   Section        0  stm32f3xx_hal_rcc_ex.o(i.HAL_RCCEx_PeriphCLKConfig)
    i.HAL_RCC_ClockConfig                    0x080010bc   Section        0  stm32f3xx_hal_rcc.o(i.HAL_RCC_ClockConfig)
    i.HAL_RCC_GetHCLKFreq                    0x08001200   Section        0  stm32f3xx_hal_rcc.o(i.HAL_RCC_GetHCLKFreq)
    i.HAL_RCC_GetPCLK1Freq                   0x0800120c   Section        0  stm32f3xx_hal_rcc.o(i.HAL_RCC_GetPCLK1Freq)
    i.HAL_RCC_GetPCLK2Freq                   0x0800123c   Section        0  stm32f3xx_hal_rcc.o(i.HAL_RCC_GetPCLK2Freq)
    i.HAL_RCC_GetSysClockFreq                0x0800126c   Section        0  stm32f3xx_hal_rcc.o(i.HAL_RCC_GetSysClockFreq)
    i.HAL_RCC_OscConfig                      0x080012d0   Section        0  stm32f3xx_hal_rcc.o(i.HAL_RCC_OscConfig)
    i.HAL_SPI_Init                           0x08001860   Section        0  stm32f3xx_hal_spi.o(i.HAL_SPI_Init)
    i.HAL_SPI_MspInit                        0x0800190c   Section        0  stm32f3xx_hal_msp.o(i.HAL_SPI_MspInit)
    i.HAL_SPI_Transmit                       0x08001954   Section        0  stm32f3xx_hal_spi.o(i.HAL_SPI_Transmit)
    i.HAL_SYSTICK_CLKSourceConfig            0x08001aca   Section        0  stm32f3xx_hal_cortex.o(i.HAL_SYSTICK_CLKSourceConfig)
    i.HAL_SYSTICK_Callback                   0x08001ae2   Section        0  stm32f3xx_hal_cortex.o(i.HAL_SYSTICK_Callback)
    i.HAL_SYSTICK_Config                     0x08001ae4   Section        0  stm32f3xx_hal_cortex.o(i.HAL_SYSTICK_Config)
    i.HAL_SYSTICK_IRQHandler                 0x08001b0c   Section        0  stm32f3xx_hal_cortex.o(i.HAL_SYSTICK_IRQHandler)
    i.HAL_TIMEx_Break2Callback               0x08001b14   Section        0  stm32f3xx_hal_tim_ex.o(i.HAL_TIMEx_Break2Callback)
    i.HAL_TIMEx_BreakCallback                0x08001b16   Section        0  stm32f3xx_hal_tim_ex.o(i.HAL_TIMEx_BreakCallback)
    i.HAL_TIMEx_CommutationCallback          0x08001b18   Section        0  stm32f3xx_hal_tim_ex.o(i.HAL_TIMEx_CommutationCallback)
    i.HAL_TIMEx_ConfigBreakDeadTime          0x08001b1c   Section        0  stm32f3xx_hal_tim_ex.o(i.HAL_TIMEx_ConfigBreakDeadTime)
    i.HAL_TIMEx_MasterConfigSynchronization  0x08001ba4   Section        0  stm32f3xx_hal_tim_ex.o(i.HAL_TIMEx_MasterConfigSynchronization)
    i.HAL_TIM_Base_Init                      0x08001bf0   Section        0  stm32f3xx_hal_tim.o(i.HAL_TIM_Base_Init)
    i.HAL_TIM_Base_MspInit                   0x08001c28   Section        0  stm32f3xx_hal_msp.o(i.HAL_TIM_Base_MspInit)
    i.HAL_TIM_Base_Start_IT                  0x08001cc8   Section        0  stm32f3xx_hal_tim.o(i.HAL_TIM_Base_Start_IT)
    i.HAL_TIM_Base_Stop_IT                   0x08001ce0   Section        0  stm32f3xx_hal_tim.o(i.HAL_TIM_Base_Stop_IT)
    i.HAL_TIM_ConfigClockSource              0x08001d0c   Section        0  stm32f3xx_hal_tim.o(i.HAL_TIM_ConfigClockSource)
    i.HAL_TIM_Encoder_Init                   0x08001e08   Section        0  stm32f3xx_hal_tim.o(i.HAL_TIM_Encoder_Init)
    i.HAL_TIM_Encoder_MspInit                0x08001ea4   Section        0  stm32f3xx_hal_msp.o(i.HAL_TIM_Encoder_MspInit)
    i.HAL_TIM_Encoder_Start                  0x08001f0c   Section        0  stm32f3xx_hal_tim.o(i.HAL_TIM_Encoder_Start)
    i.HAL_TIM_Encoder_Stop                   0x08001f40   Section        0  stm32f3xx_hal_tim.o(i.HAL_TIM_Encoder_Stop)
    i.HAL_TIM_IC_CaptureCallback             0x08001f86   Section        0  stm32f3xx_hal_tim.o(i.HAL_TIM_IC_CaptureCallback)
    i.HAL_TIM_IRQHandler                     0x08001f88   Section        0  stm32f3xx_hal_tim.o(i.HAL_TIM_IRQHandler)
    i.HAL_TIM_MspPostInit                    0x0800210c   Section        0  stm32f3xx_hal_msp.o(i.HAL_TIM_MspPostInit)
    i.HAL_TIM_OC_DelayElapsedCallback        0x08002140   Section        0  stm32f3xx_hal_tim.o(i.HAL_TIM_OC_DelayElapsedCallback)
    i.HAL_TIM_PWM_ConfigChannel              0x08002142   Section        0  stm32f3xx_hal_tim_ex.o(i.HAL_TIM_PWM_ConfigChannel)
    i.HAL_TIM_PWM_Init                       0x0800226a   Section        0  stm32f3xx_hal_tim.o(i.HAL_TIM_PWM_Init)
    i.HAL_TIM_PWM_MspInit                    0x080022a0   Section        0  stm32f3xx_hal_tim.o(i.HAL_TIM_PWM_MspInit)
    i.HAL_TIM_PWM_PulseFinishedCallback      0x080022a2   Section        0  stm32f3xx_hal_tim.o(i.HAL_TIM_PWM_PulseFinishedCallback)
    i.HAL_TIM_PWM_Start                      0x080022a4   Section        0  stm32f3xx_hal_tim.o(i.HAL_TIM_PWM_Start)
    i.HAL_TIM_PWM_Stop                       0x080022f0   Section        0  stm32f3xx_hal_tim.o(i.HAL_TIM_PWM_Stop)
    i.HAL_TIM_PeriodElapsedCallback          0x08002360   Section        0  main.o(i.HAL_TIM_PeriodElapsedCallback)
    i.HAL_TIM_TriggerCallback                0x08002470   Section        0  stm32f3xx_hal_tim.o(i.HAL_TIM_TriggerCallback)
    i.HAL_UART_Init                          0x08002472   Section        0  stm32f3xx_hal_uart.o(i.HAL_UART_Init)
    i.HAL_UART_MspInit                       0x080024dc   Section        0  stm32f3xx_hal_msp.o(i.HAL_UART_MspInit)
    i.HighlightBottomText                    0x08002528   Section        0  lcd.o(i.HighlightBottomText)
    i.HighlightMenuItem                      0x0800256c   Section        0  lcd.o(i.HighlightMenuItem)
    i.HighlightTopLeftText                   0x0800265c   Section        0  lcd.o(i.HighlightTopLeftText)
    i.HighlightTopRightText                  0x080026ce   Section        0  lcd.o(i.HighlightTopRightText)
    i.InitDisplay                            0x0800273e   Section        0  lcd.o(i.InitDisplay)
    i.InitLcdSPI                             0x0800278c   Section        0  lcd.o(i.InitLcdSPI)
    i.MX_GPIO_Init                           0x08002790   Section        0  main.o(i.MX_GPIO_Init)
    MX_GPIO_Init                             0x08002791   Thumb Code   264  main.o(i.MX_GPIO_Init)
    i.MX_SPI1_Init                           0x080028ac   Section        0  main.o(i.MX_SPI1_Init)
    MX_SPI1_Init                             0x080028ad   Thumb Code    70  main.o(i.MX_SPI1_Init)
    i.MX_TIM15_Init                          0x080028fc   Section        0  main.o(i.MX_TIM15_Init)
    MX_TIM15_Init                            0x080028fd   Thumb Code    80  main.o(i.MX_TIM15_Init)
    i.MX_TIM16_Init                          0x08002954   Section        0  main.o(i.MX_TIM16_Init)
    MX_TIM16_Init                            0x08002955   Thumb Code   118  main.o(i.MX_TIM16_Init)
    i.MX_TIM1_Init                           0x080029d4   Section        0  main.o(i.MX_TIM1_Init)
    MX_TIM1_Init                             0x080029d5   Thumb Code    88  main.o(i.MX_TIM1_Init)
    i.MX_TIM2_Init                           0x08002a34   Section        0  main.o(i.MX_TIM2_Init)
    MX_TIM2_Init                             0x08002a35   Thumb Code    78  main.o(i.MX_TIM2_Init)
    i.MX_USART2_UART_Init                    0x08002a88   Section        0  main.o(i.MX_USART2_UART_Init)
    MX_USART2_UART_Init                      0x08002a89   Thumb Code    46  main.o(i.MX_USART2_UART_Init)
    i.NVIC_SetPriority                       0x08002ac0   Section        0  stm32f3xx_hal_cortex.o(i.NVIC_SetPriority)
    NVIC_SetPriority                         0x08002ac1   Thumb Code    32  stm32f3xx_hal_cortex.o(i.NVIC_SetPriority)
    i.SPI_EndRxTxTransaction                 0x08002ae0   Section        0  stm32f3xx_hal_spi.o(i.SPI_EndRxTxTransaction)
    SPI_EndRxTxTransaction                   0x08002ae1   Thumb Code    72  stm32f3xx_hal_spi.o(i.SPI_EndRxTxTransaction)
    i.SPI_WaitFifoStateUntilTimeout          0x08002b28   Section        0  stm32f3xx_hal_spi.o(i.SPI_WaitFifoStateUntilTimeout)
    SPI_WaitFifoStateUntilTimeout            0x08002b29   Thumb Code   158  stm32f3xx_hal_spi.o(i.SPI_WaitFifoStateUntilTimeout)
    i.SPI_WaitFlagStateUntilTimeout          0x08002bc6   Section        0  stm32f3xx_hal_spi.o(i.SPI_WaitFlagStateUntilTimeout)
    SPI_WaitFlagStateUntilTimeout            0x08002bc7   Thumb Code   148  stm32f3xx_hal_spi.o(i.SPI_WaitFlagStateUntilTimeout)
    i.SetGraphicsMode                        0x08002c5a   Section        0  lcd.o(i.SetGraphicsMode)
    i.SetTextMode                            0x08002c78   Section        0  lcd.o(i.SetTextMode)
    i.SpiWrite                               0x08002c7e   Section        0  lcd.o(i.SpiWrite)
    i.SysTick_Handler                        0x08002c8c   Section        0  stm32f3xx_it.o(i.SysTick_Handler)
    i.SystemClock_Config                     0x08002c9a   Section        0  main.o(i.SystemClock_Config)
    i.SystemInit                             0x08002d14   Section        0  system_stm32f3xx.o(i.SystemInit)
    i.TIM1_BRK_TIM15_IRQHandler              0x08002d7c   Section        0  stm32f3xx_it.o(i.TIM1_BRK_TIM15_IRQHandler)
    i.TIM1_TRG_COM_TIM17_IRQHandler          0x08002d98   Section        0  stm32f3xx_it.o(i.TIM1_TRG_COM_TIM17_IRQHandler)
    i.TIM2_IRQHandler                        0x08002db4   Section        0  stm32f3xx_it.o(i.TIM2_IRQHandler)
    i.TIM_Base_SetConfig                     0x08002dc0   Section        0  stm32f3xx_hal_tim.o(i.TIM_Base_SetConfig)
    i.TIM_CCxChannelCmd                      0x08002e48   Section        0  stm32f3xx_hal_tim.o(i.TIM_CCxChannelCmd)
    i.TIM_ETR_SetConfig                      0x08002e5e   Section        0  stm32f3xx_hal_tim.o(i.TIM_ETR_SetConfig)
    i.TIM_ITRx_SetConfig                     0x08002e72   Section        0  stm32f3xx_hal_tim.o(i.TIM_ITRx_SetConfig)
    TIM_ITRx_SetConfig                       0x08002e73   Thumb Code    16  stm32f3xx_hal_tim.o(i.TIM_ITRx_SetConfig)
    i.TIM_OC1_SetConfig                      0x08002e84   Section        0  stm32f3xx_hal_tim.o(i.TIM_OC1_SetConfig)
    i.TIM_OC2_SetConfig                      0x08002f0c   Section        0  stm32f3xx_hal_tim.o(i.TIM_OC2_SetConfig)
    i.TIM_OC3_SetConfig                      0x08002f8c   Section        0  stm32f3xx_hal_tim.o(i.TIM_OC3_SetConfig)
    i.TIM_OC4_SetConfig                      0x0800300c   Section        0  stm32f3xx_hal_tim.o(i.TIM_OC4_SetConfig)
    i.TIM_OC5_SetConfig                      0x08003078   Section        0  stm32f3xx_hal_tim_ex.o(i.TIM_OC5_SetConfig)
    TIM_OC5_SetConfig                        0x08003079   Thumb Code    80  stm32f3xx_hal_tim_ex.o(i.TIM_OC5_SetConfig)
    i.TIM_OC6_SetConfig                      0x080030dc   Section        0  stm32f3xx_hal_tim_ex.o(i.TIM_OC6_SetConfig)
    TIM_OC6_SetConfig                        0x080030dd   Thumb Code    82  stm32f3xx_hal_tim_ex.o(i.TIM_OC6_SetConfig)
    i.TIM_TI1_ConfigInputStage               0x08003144   Section        0  stm32f3xx_hal_tim.o(i.TIM_TI1_ConfigInputStage)
    TIM_TI1_ConfigInputStage                 0x08003145   Thumb Code    34  stm32f3xx_hal_tim.o(i.TIM_TI1_ConfigInputStage)
    i.TIM_TI2_ConfigInputStage               0x08003166   Section        0  stm32f3xx_hal_tim.o(i.TIM_TI2_ConfigInputStage)
    TIM_TI2_ConfigInputStage                 0x08003167   Thumb Code    36  stm32f3xx_hal_tim.o(i.TIM_TI2_ConfigInputStage)
    i.UART_AdvFeatureConfig                  0x0800318a   Section        0  stm32f3xx_hal_uart.o(i.UART_AdvFeatureConfig)
    i.UART_CheckIdleState                    0x08003252   Section        0  stm32f3xx_hal_uart.o(i.UART_CheckIdleState)
    i.UART_SetConfig                         0x080032b0   Section        0  stm32f3xx_hal_uart.o(i.UART_SetConfig)
    i.UART_WaitOnFlagUntilTimeout            0x080033fc   Section        0  stm32f3xx_hal_uart.o(i.UART_WaitOnFlagUntilTimeout)
    i.WriteInstruction                       0x08003460   Section        0  lcd.o(i.WriteInstruction)
    i.WriteRam                               0x08003496   Section        0  lcd.o(i.WriteRam)
    i.__0sprintf                             0x080034c4   Section        0  printfa.o(i.__0sprintf)
    i.__scatterload_copy                     0x080034ec   Section       14  handlers.o(i.__scatterload_copy)
    i.__scatterload_null                     0x080034fa   Section        2  handlers.o(i.__scatterload_null)
    i.__scatterload_zeroinit                 0x080034fc   Section       14  handlers.o(i.__scatterload_zeroinit)
    i._fp_digits                             0x0800350c   Section        0  printfa.o(i._fp_digits)
    _fp_digits                               0x0800350d   Thumb Code   366  printfa.o(i._fp_digits)
    i._printf_core                           0x08003690   Section        0  printfa.o(i._printf_core)
    _printf_core                             0x08003691   Thumb Code  1744  printfa.o(i._printf_core)
    i._printf_post_padding                   0x08003d6c   Section        0  printfa.o(i._printf_post_padding)
    _printf_post_padding                     0x08003d6d   Thumb Code    36  printfa.o(i._printf_post_padding)
    i._printf_pre_padding                    0x08003d90   Section        0  printfa.o(i._printf_pre_padding)
    _printf_pre_padding                      0x08003d91   Thumb Code    46  printfa.o(i._printf_pre_padding)
    i._sputc                                 0x08003dbe   Section        0  printfa.o(i._sputc)
    _sputc                                   0x08003dbf   Thumb Code    10  printfa.o(i._sputc)
    i.applyPWM                               0x08003dc8   Section        0  main.o(i.applyPWM)
    i.decreaseDisplayedRefRPM                0x08003e10   Section        0  main.o(i.decreaseDisplayedRefRPM)
    i.decreaseDisplayedVoltage               0x08003e3c   Section        0  main.o(i.decreaseDisplayedVoltage)
    i.digitsInFloat                          0x08003e68   Section        0  main.o(i.digitsInFloat)
    i.free                                   0x08003e80   Section        0  malloc.o(i.free)
    i.incrementDisplayedRefRPM               0x08003ed0   Section        0  main.o(i.incrementDisplayedRefRPM)
    i.incrementDisplayedVoltage              0x08003f00   Section        0  main.o(i.incrementDisplayedVoltage)
    i.main                                   0x08003f30   Section        0  main.o(i.main)
    i.malloc                                 0x08003fbc   Section        0  malloc.o(i.malloc)
    i.menuAbout                              0x08004028   Section        0  main.o(i.menuAbout)
    i.menuControlSelection                   0x080040bc   Section        0  main.o(i.menuControlSelection)
    i.menuRpmControl                         0x080041ac   Section        0  main.o(i.menuRpmControl)
    i.menuVoltageControl                     0x08004274   Section        0  main.o(i.menuVoltageControl)
    i.refreshScreen                          0x08004340   Section        0  main.o(i.refreshScreen)
    i.setVoltage                             0x08004480   Section        0  main.o(i.setVoltage)
    i.underlineHighlight                     0x080044b4   Section        0  main.o(i.underlineHighlight)
    i.underlineLowlight                      0x08004508   Section        0  main.o(i.underlineLowlight)
    .constdata                               0x0800455c   Section       32  main.o(.constdata)
    .constdata                               0x0800457c   Section       32  stm32f3xx_hal_rcc.o(.constdata)
    .constdata                               0x0800459c   Section       16  system_stm32f3xx.o(.constdata)
    .constdata                               0x080045ac   Section        8  system_stm32f3xx.o(.constdata)
    .data                                    0x20000000   Section       80  main.o(.data)
    .data                                    0x20000050   Section       12  stm32f3xx_hal.o(.data)
    .data                                    0x2000005c   Section        4  system_stm32f3xx.o(.data)
    .data                                    0x20000060   Section        4  mvars.o(.data)
    .data                                    0x20000064   Section        4  mvars.o(.data)
    .bss                                     0x20000068   Section      532  main.o(.bss)
    HEAP                                     0x20000280   Section      512  startup_stm32f303x8.o(HEAP)
    STACK                                    0x20000480   Section     1024  startup_stm32f303x8.o(STACK)

    Global Symbols

    Symbol Name                              Value     Ov Type        Size  Object(Section)

    BuildAttributes$$THM_ISAv4$E$P$D$K$B$S$7EM$VFPi3$EXTD16$VFPS$VFMA$PE$A:L22UL41UL21$X:L11$S22US41US21$IEEE1$IW$USESV6$~STKCKD$USESV7$~SHL$OSPACE$ROPI$EBA8$MICROLIB$REQ8$PRES8$EABIv2 0x00000000   Number         0  anon$$obj.o ABSOLUTE
    __ARM_use_no_argv                        0x00000000   Number         0  main.o ABSOLUTE
    _printf_a                                0x00000000   Number         0  stubs.o ABSOLUTE
    _printf_c                                0x00000000   Number         0  stubs.o ABSOLUTE
    _printf_charcount                        0x00000000   Number         0  stubs.o ABSOLUTE
    _printf_d                                0x00000000   Number         0  stubs.o ABSOLUTE
    _printf_e                                0x00000000   Number         0  stubs.o ABSOLUTE
    _printf_f                                0x00000000   Number         0  stubs.o ABSOLUTE
    _printf_flags                            0x00000000   Number         0  stubs.o ABSOLUTE
    _printf_fp_dec                           0x00000000   Number         0  stubs.o ABSOLUTE
    _printf_fp_hex                           0x00000000   Number         0  stubs.o ABSOLUTE
    _printf_g                                0x00000000   Number         0  stubs.o ABSOLUTE
    _printf_i                                0x00000000   Number         0  stubs.o ABSOLUTE
    _printf_int_dec                          0x00000000   Number         0  stubs.o ABSOLUTE
    _printf_l                                0x00000000   Number         0  stubs.o ABSOLUTE
    _printf_lc                               0x00000000   Number         0  stubs.o ABSOLUTE
    _printf_ll                               0x00000000   Number         0  stubs.o ABSOLUTE
    _printf_lld                              0x00000000   Number         0  stubs.o ABSOLUTE
    _printf_lli                              0x00000000   Number         0  stubs.o ABSOLUTE
    _printf_llo                              0x00000000   Number         0  stubs.o ABSOLUTE
    _printf_llu                              0x00000000   Number         0  stubs.o ABSOLUTE
    _printf_llx                              0x00000000   Number         0  stubs.o ABSOLUTE
    _printf_longlong_dec                     0x00000000   Number         0  stubs.o ABSOLUTE
    _printf_longlong_hex                     0x00000000   Number         0  stubs.o ABSOLUTE
    _printf_longlong_oct                     0x00000000   Number         0  stubs.o ABSOLUTE
    _printf_ls                               0x00000000   Number         0  stubs.o ABSOLUTE
    _printf_mbtowc                           0x00000000   Number         0  stubs.o ABSOLUTE
    _printf_n                                0x00000000   Number         0  stubs.o ABSOLUTE
    _printf_o                                0x00000000   Number         0  stubs.o ABSOLUTE
    _printf_p                                0x00000000   Number         0  stubs.o ABSOLUTE
    _printf_percent                          0x00000000   Number         0  stubs.o ABSOLUTE
    _printf_pre_padding                      0x00000000   Number         0  stubs.o ABSOLUTE
    _printf_return_value                     0x00000000   Number         0  stubs.o ABSOLUTE
    _printf_s                                0x00000000   Number         0  stubs.o ABSOLUTE
    _printf_sizespec                         0x00000000   Number         0  stubs.o ABSOLUTE
    _printf_str                              0x00000000   Number         0  stubs.o ABSOLUTE
    _printf_truncate_signed                  0x00000000   Number         0  stubs.o ABSOLUTE
    _printf_truncate_unsigned                0x00000000   Number         0  stubs.o ABSOLUTE
    _printf_u                                0x00000000   Number         0  stubs.o ABSOLUTE
    _printf_wc                               0x00000000   Number         0  stubs.o ABSOLUTE
    _printf_wctomb                           0x00000000   Number         0  stubs.o ABSOLUTE
    _printf_widthprec                        0x00000000   Number         0  stubs.o ABSOLUTE
    _printf_x                                0x00000000   Number         0  stubs.o ABSOLUTE
    __cpp_initialize__aeabi_                  - Undefined Weak Reference
    __cxa_finalize                            - Undefined Weak Reference
    __decompress                              - Undefined Weak Reference
    _clock_init                               - Undefined Weak Reference
    _microlib_exit                            - Undefined Weak Reference
    __Vectors_Size                           0x00000188   Number         0  startup_stm32f303x8.o ABSOLUTE
    __Vectors                                0x08000000   Data           4  startup_stm32f303x8.o(RESET)
    __Vectors_End                            0x08000188   Data           0  startup_stm32f303x8.o(RESET)
    __main                                   0x08000189   Thumb Code     0  entry.o(.ARM.Collect$$$$00000000)
    _main_stk                                0x08000189   Thumb Code     0  entry2.o(.ARM.Collect$$$$00000001)
    _main_scatterload                        0x0800018d   Thumb Code     0  entry5.o(.ARM.Collect$$$$00000004)
    __main_after_scatterload                 0x08000191   Thumb Code     0  entry5.o(.ARM.Collect$$$$00000004)
    _main_clock                              0x08000191   Thumb Code     0  entry7b.o(.ARM.Collect$$$$00000008)
    _main_cpp_init                           0x08000191   Thumb Code     0  entry8b.o(.ARM.Collect$$$$0000000A)
    _main_init                               0x08000191   Thumb Code     0  entry9a.o(.ARM.Collect$$$$0000000B)
    __rt_final_cpp                           0x08000199   Thumb Code     0  entry10a.o(.ARM.Collect$$$$0000000D)
    __rt_final_exit                          0x08000199   Thumb Code     0  entry11a.o(.ARM.Collect$$$$0000000F)
    Reset_Handler                            0x0800019d   Thumb Code     8  startup_stm32f303x8.o(.text)
    NMI_Handler                              0x080001a5   Thumb Code     2  startup_stm32f303x8.o(.text)
    HardFault_Handler                        0x080001a7   Thumb Code     2  startup_stm32f303x8.o(.text)
    MemManage_Handler                        0x080001a9   Thumb Code     2  startup_stm32f303x8.o(.text)
    BusFault_Handler                         0x080001ab   Thumb Code     2  startup_stm32f303x8.o(.text)
    UsageFault_Handler                       0x080001ad   Thumb Code     2  startup_stm32f303x8.o(.text)
    SVC_Handler                              0x080001af   Thumb Code     2  startup_stm32f303x8.o(.text)
    DebugMon_Handler                         0x080001b1   Thumb Code     2  startup_stm32f303x8.o(.text)
    PendSV_Handler                           0x080001b3   Thumb Code     2  startup_stm32f303x8.o(.text)
    ADC1_2_IRQHandler                        0x080001b7   Thumb Code     0  startup_stm32f303x8.o(.text)
    CAN_RX0_IRQHandler                       0x080001b7   Thumb Code     0  startup_stm32f303x8.o(.text)
    CAN_RX1_IRQHandler                       0x080001b7   Thumb Code     0  startup_stm32f303x8.o(.text)
    CAN_SCE_IRQHandler                       0x080001b7   Thumb Code     0  startup_stm32f303x8.o(.text)
    CAN_TX_IRQHandler                        0x080001b7   Thumb Code     0  startup_stm32f303x8.o(.text)
    COMP2_IRQHandler                         0x080001b7   Thumb Code     0  startup_stm32f303x8.o(.text)
    COMP4_6_IRQHandler                       0x080001b7   Thumb Code     0  startup_stm32f303x8.o(.text)
    DMA1_Channel1_IRQHandler                 0x080001b7   Thumb Code     0  startup_stm32f303x8.o(.text)
    DMA1_Channel2_IRQHandler                 0x080001b7   Thumb Code     0  startup_stm32f303x8.o(.text)
    DMA1_Channel3_IRQHandler                 0x080001b7   Thumb Code     0  startup_stm32f303x8.o(.text)
    DMA1_Channel4_IRQHandler                 0x080001b7   Thumb Code     0  startup_stm32f303x8.o(.text)
    DMA1_Channel5_IRQHandler                 0x080001b7   Thumb Code     0  startup_stm32f303x8.o(.text)
    DMA1_Channel6_IRQHandler                 0x080001b7   Thumb Code     0  startup_stm32f303x8.o(.text)
    DMA1_Channel7_IRQHandler                 0x080001b7   Thumb Code     0  startup_stm32f303x8.o(.text)
    EXTI0_IRQHandler                         0x080001b7   Thumb Code     0  startup_stm32f303x8.o(.text)
    EXTI2_TSC_IRQHandler                     0x080001b7   Thumb Code     0  startup_stm32f303x8.o(.text)
    EXTI3_IRQHandler                         0x080001b7   Thumb Code     0  startup_stm32f303x8.o(.text)
    FLASH_IRQHandler                         0x080001b7   Thumb Code     0  startup_stm32f303x8.o(.text)
    FPU_IRQHandler                           0x080001b7   Thumb Code     0  startup_stm32f303x8.o(.text)
    I2C1_ER_IRQHandler                       0x080001b7   Thumb Code     0  startup_stm32f303x8.o(.text)
    I2C1_EV_IRQHandler                       0x080001b7   Thumb Code     0  startup_stm32f303x8.o(.text)
    PVD_IRQHandler                           0x080001b7   Thumb Code     0  startup_stm32f303x8.o(.text)
    RCC_IRQHandler                           0x080001b7   Thumb Code     0  startup_stm32f303x8.o(.text)
    RTC_Alarm_IRQHandler                     0x080001b7   Thumb Code     0  startup_stm32f303x8.o(.text)
    RTC_WKUP_IRQHandler                      0x080001b7   Thumb Code     0  startup_stm32f303x8.o(.text)
    SPI1_IRQHandler                          0x080001b7   Thumb Code     0  startup_stm32f303x8.o(.text)
    TAMP_STAMP_IRQHandler                    0x080001b7   Thumb Code     0  startup_stm32f303x8.o(.text)
    TIM1_CC_IRQHandler                       0x080001b7   Thumb Code     0  startup_stm32f303x8.o(.text)
    TIM1_UP_TIM16_IRQHandler                 0x080001b7   Thumb Code     0  startup_stm32f303x8.o(.text)
    TIM3_IRQHandler                          0x080001b7   Thumb Code     0  startup_stm32f303x8.o(.text)
    TIM6_DAC1_IRQHandler                     0x080001b7   Thumb Code     0  startup_stm32f303x8.o(.text)
    TIM7_DAC2_IRQHandler                     0x080001b7   Thumb Code     0  startup_stm32f303x8.o(.text)
    USART1_IRQHandler                        0x080001b7   Thumb Code     0  startup_stm32f303x8.o(.text)
    USART2_IRQHandler                        0x080001b7   Thumb Code     0  startup_stm32f303x8.o(.text)
    USART3_IRQHandler                        0x080001b7   Thumb Code     0  startup_stm32f303x8.o(.text)
    WWDG_IRQHandler                          0x080001b7   Thumb Code     0  startup_stm32f303x8.o(.text)
    __aeabi_llsr                             0x080001c1   Thumb Code    32  llushr.o(.text)
    _ll_ushift_r                             0x080001c1   Thumb Code     0  llushr.o(.text)
    __aeabi_f2d                              0x080001e1   Thumb Code    38  f2d.o(.text)
    __aeabi_uidiv                            0x08000207   Thumb Code     0  uidiv.o(.text)
    __aeabi_uidivmod                         0x08000207   Thumb Code    44  uidiv.o(.text)
    __aeabi_uldivmod                         0x08000233   Thumb Code    98  uldiv.o(.text)
    __I$use$fp                               0x08000295   Thumb Code     0  iusefp.o(.text)
    __aeabi_dadd                             0x08000295   Thumb Code   322  dadd.o(.text)
    __aeabi_dsub                             0x080003d7   Thumb Code     6  dadd.o(.text)
    __aeabi_drsub                            0x080003dd   Thumb Code     6  dadd.o(.text)
    __aeabi_dmul                             0x080003e3   Thumb Code   228  dmul.o(.text)
    __aeabi_ddiv                             0x080004c7   Thumb Code   222  ddiv.o(.text)
    __aeabi_d2ulz                            0x080005a5   Thumb Code    48  dfixul.o(.text)
    __aeabi_cdrcmple                         0x080005d5   Thumb Code    48  cdrcmple.o(.text)
    __scatterload                            0x08000605   Thumb Code    28  init.o(.text)
    __scatterload_rt2                        0x08000605   Thumb Code     0  init.o(.text)
    __aeabi_llsl                             0x08000629   Thumb Code    30  llshl.o(.text)
    _ll_shift_l                              0x08000629   Thumb Code     0  llshl.o(.text)
    __aeabi_lasr                             0x08000647   Thumb Code    36  llsshr.o(.text)
    _ll_sshift_r                             0x08000647   Thumb Code     0  llsshr.o(.text)
    _double_round                            0x0800066b   Thumb Code    30  depilogue.o(.text)
    _double_epilogue                         0x08000689   Thumb Code   156  depilogue.o(.text)
    ClearGDRAM                               0x08000725   Thumb Code    74  lcd.o(i.ClearGDRAM)
    ClearScreen                              0x0800076f   Thumb Code    22  lcd.o(i.ClearScreen)
    DWT_Delay_Init                           0x08000785   Thumb Code    58  dwt_stm32_delay.o(i.DWT_Delay_Init)
    DisplayStringLeftAlligned                0x080007f5   Thumb Code    94  lcd.o(i.DisplayStringLeftAlligned)
    DisplayStringRightAlligned               0x08000853   Thumb Code   108  lcd.o(i.DisplayStringRightAlligned)
    DivideHalfInverseT                       0x080008c1   Thumb Code   138  lcd.o(i.DivideHalfInverseT)
    EXTI15_10_IRQHandler                     0x0800094b   Thumb Code     8  stm32f3xx_it.o(i.EXTI15_10_IRQHandler)
    EXTI1_IRQHandler                         0x08000953   Thumb Code     6  stm32f3xx_it.o(i.EXTI1_IRQHandler)
    EXTI4_IRQHandler                         0x08000959   Thumb Code     6  stm32f3xx_it.o(i.EXTI4_IRQHandler)
    EXTI9_5_IRQHandler                       0x0800095f   Thumb Code     6  stm32f3xx_it.o(i.EXTI9_5_IRQHandler)
    HAL_Delay                                0x08000965   Thumb Code    32  stm32f3xx_hal.o(i.HAL_Delay)
    HAL_GPIO_EXTI_Callback                   0x08000989   Thumb Code   644  main.o(i.HAL_GPIO_EXTI_Callback)
    HAL_GPIO_EXTI_IRQHandler                 0x08000c21   Thumb Code    18  stm32f3xx_hal_gpio.o(i.HAL_GPIO_EXTI_IRQHandler)
    HAL_GPIO_Init                            0x08000c39   Thumb Code   358  stm32f3xx_hal_gpio.o(i.HAL_GPIO_Init)
    HAL_GPIO_ReadPin                         0x08000db9   Thumb Code    10  stm32f3xx_hal_gpio.o(i.HAL_GPIO_ReadPin)
    HAL_GPIO_WritePin                        0x08000dc3   Thumb Code    10  stm32f3xx_hal_gpio.o(i.HAL_GPIO_WritePin)
    HAL_GetTick                              0x08000dcd   Thumb Code     6  stm32f3xx_hal.o(i.HAL_GetTick)
    HAL_IncTick                              0x08000dd9   Thumb Code    12  stm32f3xx_hal.o(i.HAL_IncTick)
    HAL_Init                                 0x08000de9   Thumb Code    32  stm32f3xx_hal.o(i.HAL_Init)
    HAL_InitTick                             0x08000e0d   Thumb Code    54  stm32f3xx_hal.o(i.HAL_InitTick)
    HAL_MspInit                              0x08000e4d   Thumb Code   122  stm32f3xx_hal_msp.o(i.HAL_MspInit)
    HAL_NVIC_EnableIRQ                       0x08000ecd   Thumb Code    22  stm32f3xx_hal_cortex.o(i.HAL_NVIC_EnableIRQ)
    HAL_NVIC_SetPriority                     0x08000ee5   Thumb Code    60  stm32f3xx_hal_cortex.o(i.HAL_NVIC_SetPriority)
    HAL_NVIC_SetPriorityGrouping             0x08000f25   Thumb Code    26  stm32f3xx_hal_cortex.o(i.HAL_NVIC_SetPriorityGrouping)
    HAL_RCCEx_PeriphCLKConfig                0x08000f49   Thumb Code   360  stm32f3xx_hal_rcc_ex.o(i.HAL_RCCEx_PeriphCLKConfig)
    HAL_RCC_ClockConfig                      0x080010bd   Thumb Code   306  stm32f3xx_hal_rcc.o(i.HAL_RCC_ClockConfig)
    HAL_RCC_GetHCLKFreq                      0x08001201   Thumb Code     6  stm32f3xx_hal_rcc.o(i.HAL_RCC_GetHCLKFreq)
    HAL_RCC_GetPCLK1Freq                     0x0800120d   Thumb Code    34  stm32f3xx_hal_rcc.o(i.HAL_RCC_GetPCLK1Freq)
    HAL_RCC_GetPCLK2Freq                     0x0800123d   Thumb Code    34  stm32f3xx_hal_rcc.o(i.HAL_RCC_GetPCLK2Freq)
    HAL_RCC_GetSysClockFreq                  0x0800126d   Thumb Code    84  stm32f3xx_hal_rcc.o(i.HAL_RCC_GetSysClockFreq)
    HAL_RCC_OscConfig                        0x080012d1   Thumb Code  1424  stm32f3xx_hal_rcc.o(i.HAL_RCC_OscConfig)
    HAL_SPI_Init                             0x08001861   Thumb Code   172  stm32f3xx_hal_spi.o(i.HAL_SPI_Init)
    HAL_SPI_MspInit                          0x0800190d   Thumb Code    64  stm32f3xx_hal_msp.o(i.HAL_SPI_MspInit)
    HAL_SPI_Transmit                         0x08001955   Thumb Code   374  stm32f3xx_hal_spi.o(i.HAL_SPI_Transmit)
    HAL_SYSTICK_CLKSourceConfig              0x08001acb   Thumb Code    24  stm32f3xx_hal_cortex.o(i.HAL_SYSTICK_CLKSourceConfig)
    HAL_SYSTICK_Callback                     0x08001ae3   Thumb Code     2  stm32f3xx_hal_cortex.o(i.HAL_SYSTICK_Callback)
    HAL_SYSTICK_Config                       0x08001ae5   Thumb Code    40  stm32f3xx_hal_cortex.o(i.HAL_SYSTICK_Config)
    HAL_SYSTICK_IRQHandler                   0x08001b0d   Thumb Code     8  stm32f3xx_hal_cortex.o(i.HAL_SYSTICK_IRQHandler)
    HAL_TIMEx_Break2Callback                 0x08001b15   Thumb Code     2  stm32f3xx_hal_tim_ex.o(i.HAL_TIMEx_Break2Callback)
    HAL_TIMEx_BreakCallback                  0x08001b17   Thumb Code     2  stm32f3xx_hal_tim_ex.o(i.HAL_TIMEx_BreakCallback)
    HAL_TIMEx_CommutationCallback            0x08001b19   Thumb Code     2  stm32f3xx_hal_tim_ex.o(i.HAL_TIMEx_CommutationCallback)
    HAL_TIMEx_ConfigBreakDeadTime            0x08001b1d   Thumb Code   132  stm32f3xx_hal_tim_ex.o(i.HAL_TIMEx_ConfigBreakDeadTime)
    HAL_TIMEx_MasterConfigSynchronization    0x08001ba5   Thumb Code    72  stm32f3xx_hal_tim_ex.o(i.HAL_TIMEx_MasterConfigSynchronization)
    HAL_TIM_Base_Init                        0x08001bf1   Thumb Code    54  stm32f3xx_hal_tim.o(i.HAL_TIM_Base_Init)
    HAL_TIM_Base_MspInit                     0x08001c29   Thumb Code   144  stm32f3xx_hal_msp.o(i.HAL_TIM_Base_MspInit)
    HAL_TIM_Base_Start_IT                    0x08001cc9   Thumb Code    24  stm32f3xx_hal_tim.o(i.HAL_TIM_Base_Start_IT)
    HAL_TIM_Base_Stop_IT                     0x08001ce1   Thumb Code    42  stm32f3xx_hal_tim.o(i.HAL_TIM_Base_Stop_IT)
    HAL_TIM_ConfigClockSource                0x08001d0d   Thumb Code   246  stm32f3xx_hal_tim.o(i.HAL_TIM_ConfigClockSource)
    HAL_TIM_Encoder_Init                     0x08001e09   Thumb Code   150  stm32f3xx_hal_tim.o(i.HAL_TIM_Encoder_Init)
    HAL_TIM_Encoder_MspInit                  0x08001ea5   Thumb Code    96  stm32f3xx_hal_msp.o(i.HAL_TIM_Encoder_MspInit)
    HAL_TIM_Encoder_Start                    0x08001f0d   Thumb Code    52  stm32f3xx_hal_tim.o(i.HAL_TIM_Encoder_Start)
    HAL_TIM_Encoder_Stop                     0x08001f41   Thumb Code    70  stm32f3xx_hal_tim.o(i.HAL_TIM_Encoder_Stop)
    HAL_TIM_IC_CaptureCallback               0x08001f87   Thumb Code     2  stm32f3xx_hal_tim.o(i.HAL_TIM_IC_CaptureCallback)
    HAL_TIM_IRQHandler                       0x08001f89   Thumb Code   388  stm32f3xx_hal_tim.o(i.HAL_TIM_IRQHandler)
    HAL_TIM_MspPostInit                      0x0800210d   Thumb Code    46  stm32f3xx_hal_msp.o(i.HAL_TIM_MspPostInit)
    HAL_TIM_OC_DelayElapsedCallback          0x08002141   Thumb Code     2  stm32f3xx_hal_tim.o(i.HAL_TIM_OC_DelayElapsedCallback)
    HAL_TIM_PWM_ConfigChannel                0x08002143   Thumb Code   296  stm32f3xx_hal_tim_ex.o(i.HAL_TIM_PWM_ConfigChannel)
    HAL_TIM_PWM_Init                         0x0800226b   Thumb Code    54  stm32f3xx_hal_tim.o(i.HAL_TIM_PWM_Init)
    HAL_TIM_PWM_MspInit                      0x080022a1   Thumb Code     2  stm32f3xx_hal_tim.o(i.HAL_TIM_PWM_MspInit)
    HAL_TIM_PWM_PulseFinishedCallback        0x080022a3   Thumb Code     2  stm32f3xx_hal_tim.o(i.HAL_TIM_PWM_PulseFinishedCallback)
    HAL_TIM_PWM_Start                        0x080022a5   Thumb Code    60  stm32f3xx_hal_tim.o(i.HAL_TIM_PWM_Start)
    HAL_TIM_PWM_Stop                         0x080022f1   Thumb Code    96  stm32f3xx_hal_tim.o(i.HAL_TIM_PWM_Stop)
    HAL_TIM_PeriodElapsedCallback            0x08002361   Thumb Code   256  main.o(i.HAL_TIM_PeriodElapsedCallback)
    HAL_TIM_TriggerCallback                  0x08002471   Thumb Code     2  stm32f3xx_hal_tim.o(i.HAL_TIM_TriggerCallback)
    HAL_UART_Init                            0x08002473   Thumb Code   106  stm32f3xx_hal_uart.o(i.HAL_UART_Init)
    HAL_UART_MspInit                         0x080024dd   Thumb Code    66  stm32f3xx_hal_msp.o(i.HAL_UART_MspInit)
    HighlightBottomText                      0x08002529   Thumb Code    68  lcd.o(i.HighlightBottomText)
    HighlightMenuItem                        0x0800256d   Thumb Code   238  lcd.o(i.HighlightMenuItem)
    HighlightTopLeftText                     0x0800265d   Thumb Code   114  lcd.o(i.HighlightTopLeftText)
    HighlightTopRightText                    0x080026cf   Thumb Code   112  lcd.o(i.HighlightTopRightText)
    InitDisplay                              0x0800273f   Thumb Code    78  lcd.o(i.InitDisplay)
    InitLcdSPI                               0x0800278d   Thumb Code     4  lcd.o(i.InitLcdSPI)
    SetGraphicsMode                          0x08002c5b   Thumb Code    30  lcd.o(i.SetGraphicsMode)
    SetTextMode                              0x08002c79   Thumb Code     6  lcd.o(i.SetTextMode)
    SpiWrite                                 0x08002c7f   Thumb Code    14  lcd.o(i.SpiWrite)
    SysTick_Handler                          0x08002c8d   Thumb Code    14  stm32f3xx_it.o(i.SysTick_Handler)
    SystemClock_Config                       0x08002c9b   Thumb Code   120  main.o(i.SystemClock_Config)
    SystemInit                               0x08002d15   Thumb Code    82  system_stm32f3xx.o(i.SystemInit)
    TIM1_BRK_TIM15_IRQHandler                0x08002d7d   Thumb Code    18  stm32f3xx_it.o(i.TIM1_BRK_TIM15_IRQHandler)
    TIM1_TRG_COM_TIM17_IRQHandler            0x08002d99   Thumb Code    18  stm32f3xx_it.o(i.TIM1_TRG_COM_TIM17_IRQHandler)
    TIM2_IRQHandler                          0x08002db5   Thumb Code     6  stm32f3xx_it.o(i.TIM2_IRQHandler)
    TIM_Base_SetConfig                       0x08002dc1   Thumb Code   114  stm32f3xx_hal_tim.o(i.TIM_Base_SetConfig)
    TIM_CCxChannelCmd                        0x08002e49   Thumb Code    22  stm32f3xx_hal_tim.o(i.TIM_CCxChannelCmd)
    TIM_ETR_SetConfig                        0x08002e5f   Thumb Code    20  stm32f3xx_hal_tim.o(i.TIM_ETR_SetConfig)
    TIM_OC1_SetConfig                        0x08002e85   Thumb Code   116  stm32f3xx_hal_tim.o(i.TIM_OC1_SetConfig)
    TIM_OC2_SetConfig                        0x08002f0d   Thumb Code   108  stm32f3xx_hal_tim.o(i.TIM_OC2_SetConfig)
    TIM_OC3_SetConfig                        0x08002f8d   Thumb Code   106  stm32f3xx_hal_tim.o(i.TIM_OC3_SetConfig)
    TIM_OC4_SetConfig                        0x0800300d   Thumb Code    86  stm32f3xx_hal_tim.o(i.TIM_OC4_SetConfig)
    UART_AdvFeatureConfig                    0x0800318b   Thumb Code   200  stm32f3xx_hal_uart.o(i.UART_AdvFeatureConfig)
    UART_CheckIdleState                      0x08003253   Thumb Code    92  stm32f3xx_hal_uart.o(i.UART_CheckIdleState)
    UART_SetConfig                           0x080032b1   Thumb Code   302  stm32f3xx_hal_uart.o(i.UART_SetConfig)
    UART_WaitOnFlagUntilTimeout              0x080033fd   Thumb Code   100  stm32f3xx_hal_uart.o(i.UART_WaitOnFlagUntilTimeout)
    WriteInstruction                         0x08003461   Thumb Code    54  lcd.o(i.WriteInstruction)
    WriteRam                                 0x08003497   Thumb Code    44  lcd.o(i.WriteRam)
    __0sprintf                               0x080034c5   Thumb Code    34  printfa.o(i.__0sprintf)
    __1sprintf                               0x080034c5   Thumb Code     0  printfa.o(i.__0sprintf)
    __2sprintf                               0x080034c5   Thumb Code     0  printfa.o(i.__0sprintf)
    __c89sprintf                             0x080034c5   Thumb Code     0  printfa.o(i.__0sprintf)
    sprintf                                  0x080034c5   Thumb Code     0  printfa.o(i.__0sprintf)
    __scatterload_copy                       0x080034ed   Thumb Code    14  handlers.o(i.__scatterload_copy)
    __scatterload_null                       0x080034fb   Thumb Code     2  handlers.o(i.__scatterload_null)
    __scatterload_zeroinit                   0x080034fd   Thumb Code    14  handlers.o(i.__scatterload_zeroinit)
    applyPWM                                 0x08003dc9   Thumb Code    60  main.o(i.applyPWM)
    decreaseDisplayedRefRPM                  0x08003e11   Thumb Code    34  main.o(i.decreaseDisplayedRefRPM)
    decreaseDisplayedVoltage                 0x08003e3d   Thumb Code    34  main.o(i.decreaseDisplayedVoltage)
    digitsInFloat                            0x08003e69   Thumb Code    24  main.o(i.digitsInFloat)
    free                                     0x08003e81   Thumb Code    76  malloc.o(i.free)
    incrementDisplayedRefRPM                 0x08003ed1   Thumb Code    34  main.o(i.incrementDisplayedRefRPM)
    incrementDisplayedVoltage                0x08003f01   Thumb Code    34  main.o(i.incrementDisplayedVoltage)
    main                                     0x08003f31   Thumb Code   122  main.o(i.main)
    malloc                                   0x08003fbd   Thumb Code    92  malloc.o(i.malloc)
    menuAbout                                0x08004029   Thumb Code   100  main.o(i.menuAbout)
    menuControlSelection                     0x080040bd   Thumb Code   184  main.o(i.menuControlSelection)
    menuRpmControl                           0x080041ad   Thumb Code   158  main.o(i.menuRpmControl)
    menuVoltageControl                       0x08004275   Thumb Code   158  main.o(i.menuVoltageControl)
    refreshScreen                            0x08004341   Thumb Code   288  main.o(i.refreshScreen)
    setVoltage                               0x08004481   Thumb Code    40  main.o(i.setVoltage)
    underlineHighlight                       0x080044b5   Thumb Code    80  main.o(i.underlineHighlight)
    underlineLowlight                        0x08004509   Thumb Code    80  main.o(i.underlineLowlight)
    cw                                       0x0800455c   Data          16  main.o(.constdata)
    ccw                                      0x0800456c   Data          16  main.o(.constdata)
    aPLLMULFactorTable                       0x0800457c   Data          16  stm32f3xx_hal_rcc.o(.constdata)
    aPredivFactorTable                       0x0800458c   Data          16  stm32f3xx_hal_rcc.o(.constdata)
    AHBPrescTable                            0x0800459c   Data          16  system_stm32f3xx.o(.constdata)
    APBPrescTable                            0x080045ac   Data           8  system_stm32f3xx.o(.constdata)
    Region$$Table$$Base                      0x080045b4   Number         0  anon$$obj.o(Region$$Table)
    Region$$Table$$Limit                     0x080045d4   Number         0  anon$$obj.o(Region$$Table)
    prevState                                0x20000000   Data           1  main.o(.data)
    selected                                 0x20000001   Data           1  main.o(.data)
    underlineHighlighted                     0x20000002   Data           1  main.o(.data)
    menuSelection                            0x20000003   Data           1  main.o(.data)
    menuIndex                                0x20000004   Data           1  main.o(.data)
    prevEncoderCount                         0x20000006   Data           2  main.o(.data)
    cycleCount                               0x20000008   Data           2  main.o(.data)
    motorRPM                                 0x2000000c   Data           4  main.o(.data)
    averagedMotorRpm                         0x20000010   Data           4  main.o(.data)
    alpha                                    0x20000014   Data           4  main.o(.data)
    voltage                                  0x20000018   Data           4  main.o(.data)
    Kp                                       0x2000001c   Data           4  main.o(.data)
    Ki                                       0x20000020   Data           4  main.o(.data)
    integral                                 0x20000024   Data           4  main.o(.data)
    integralMin                              0x20000028   Data           4  main.o(.data)
    integralMax                              0x2000002c   Data           4  main.o(.data)
    refRpm                                   0x20000030   Data           4  main.o(.data)
    flowRate                                 0x20000034   Data           4  main.o(.data)
    displayedRefRpm                          0x20000038   Data           4  main.o(.data)
    displayedVoltage                         0x2000003c   Data           4  main.o(.data)
    currentMillis                            0x20000040   Data           4  main.o(.data)
    prevMillis                               0x20000044   Data           4  main.o(.data)
    pwm                                      0x20000048   Data           4  main.o(.data)
    lcd                                      0x2000004c   Data           4  main.o(.data)
    uwTickFreq                               0x20000050   Data           1  stm32f3xx_hal.o(.data)
    uwTickPrio                               0x20000054   Data           4  stm32f3xx_hal.o(.data)
    uwTick                                   0x20000058   Data           4  stm32f3xx_hal.o(.data)
    SystemCoreClock                          0x2000005c   Data           4  system_stm32f3xx.o(.data)
    __microlib_freelist                      0x20000060   Data           4  mvars.o(.data)
    __microlib_freelist_initialised          0x20000064   Data           4  mvars.o(.data)
    hspi1                                    0x20000068   Data         100  main.o(.bss)
    htim1                                    0x200000cc   Data          64  main.o(.bss)
    htim2                                    0x2000010c   Data          64  main.o(.bss)
    htim15                                   0x2000014c   Data          64  main.o(.bss)
    htim16                                   0x2000018c   Data          64  main.o(.bss)
    htim17                                   0x200001cc   Data          64  main.o(.bss)
    huart2                                   0x2000020c   Data         112  main.o(.bss)
    __heap_base                              0x20000280   Data           0  startup_stm32f303x8.o(HEAP)
    __heap_limit                             0x20000480   Data           0  startup_stm32f303x8.o(HEAP)
    __initial_sp                             0x20000880   Data           0  startup_stm32f303x8.o(STACK)



==============================================================================

Memory Map of the image

  Image Entry point : 0x08000189

  Load Region LR_IROM1 (Base: 0x08000000, Size: 0x0000463c, Max: 0x00010000, ABSOLUTE)

    Execution Region ER_IROM1 (Exec base: 0x08000000, Load base: 0x08000000, Size: 0x000045d4, Max: 0x00010000, ABSOLUTE)

    Exec Addr    Load Addr    Size         Type   Attr      Idx    E Section Name        Object

    0x08000000   0x08000000   0x00000188   Data   RO            3    RESET               startup_stm32f303x8.o
    0x08000188   0x08000188   0x00000000   Code   RO         3795  * .ARM.Collect$$$$00000000  mc_w.l(entry.o)
    0x08000188   0x08000188   0x00000004   Code   RO         4095    .ARM.Collect$$$$00000001  mc_w.l(entry2.o)
    0x0800018c   0x0800018c   0x00000004   Code   RO         4098    .ARM.Collect$$$$00000004  mc_w.l(entry5.o)
    0x08000190   0x08000190   0x00000000   Code   RO         4100    .ARM.Collect$$$$00000008  mc_w.l(entry7b.o)
    0x08000190   0x08000190   0x00000000   Code   RO         4102    .ARM.Collect$$$$0000000A  mc_w.l(entry8b.o)
    0x08000190   0x08000190   0x00000008   Code   RO         4103    .ARM.Collect$$$$0000000B  mc_w.l(entry9a.o)
    0x08000198   0x08000198   0x00000000   Code   RO         4105    .ARM.Collect$$$$0000000D  mc_w.l(entry10a.o)
    0x08000198   0x08000198   0x00000000   Code   RO         4107    .ARM.Collect$$$$0000000F  mc_w.l(entry11a.o)
    0x08000198   0x08000198   0x00000004   Code   RO         4096    .ARM.Collect$$$$00002712  mc_w.l(entry2.o)
    0x0800019c   0x0800019c   0x00000024   Code   RO            4    .text               startup_stm32f303x8.o
    0x080001c0   0x080001c0   0x00000020   Code   RO         3798    .text               mc_w.l(llushr.o)
    0x080001e0   0x080001e0   0x00000026   Code   RO         4093    .text               mf_w.l(f2d.o)
    0x08000206   0x08000206   0x0000002c   Code   RO         4112    .text               mc_w.l(uidiv.o)
    0x08000232   0x08000232   0x00000062   Code   RO         4114    .text               mc_w.l(uldiv.o)
    0x08000294   0x08000294   0x00000000   Code   RO         4118    .text               mc_w.l(iusefp.o)
    0x08000294   0x08000294   0x0000014e   Code   RO         4119    .text               mf_w.l(dadd.o)
    0x080003e2   0x080003e2   0x000000e4   Code   RO         4121    .text               mf_w.l(dmul.o)
    0x080004c6   0x080004c6   0x000000de   Code   RO         4123    .text               mf_w.l(ddiv.o)
    0x080005a4   0x080005a4   0x00000030   Code   RO         4125    .text               mf_w.l(dfixul.o)
    0x080005d4   0x080005d4   0x00000030   Code   RO         4127    .text               mf_w.l(cdrcmple.o)
    0x08000604   0x08000604   0x00000024   Code   RO         4129    .text               mc_w.l(init.o)
    0x08000628   0x08000628   0x0000001e   Code   RO         4132    .text               mc_w.l(llshl.o)
    0x08000646   0x08000646   0x00000024   Code   RO         4134    .text               mc_w.l(llsshr.o)
    0x0800066a   0x0800066a   0x000000ba   Code   RO         4137    .text               mf_w.l(depilogue.o)
    0x08000724   0x08000724   0x0000004a   Code   RO          144    i.ClearGDRAM        lcd.o
    0x0800076e   0x0800076e   0x00000016   Code   RO          145    i.ClearScreen       lcd.o
    0x08000784   0x08000784   0x00000044   Code   RO           13    i.DWT_Delay_Init    dwt_stm32_delay.o
    0x080007c8   0x080007c8   0x0000002c   Code   RO          146    i.DWT_Delay_us      lcd.o
    0x080007f4   0x080007f4   0x0000005e   Code   RO          148    i.DisplayStringLeftAlligned  lcd.o
    0x08000852   0x08000852   0x0000006c   Code   RO          149    i.DisplayStringRightAlligned  lcd.o
    0x080008be   0x080008be   0x00000002   PAD
    0x080008c0   0x080008c0   0x0000008a   Code   RO          150    i.DivideHalfInverseT  lcd.o
    0x0800094a   0x0800094a   0x00000008   Code   RO          510    i.EXTI15_10_IRQHandler  stm32f3xx_it.o
    0x08000952   0x08000952   0x00000006   Code   RO          511    i.EXTI1_IRQHandler  stm32f3xx_it.o
    0x08000958   0x08000958   0x00000006   Code   RO          512    i.EXTI4_IRQHandler  stm32f3xx_it.o
    0x0800095e   0x0800095e   0x00000006   Code   RO          513    i.EXTI9_5_IRQHandler  stm32f3xx_it.o
    0x08000964   0x08000964   0x00000024   Code   RO         2355    i.HAL_Delay         stm32f3xx_hal.o
    0x08000988   0x08000988   0x00000298   Code   RO          332    i.HAL_GPIO_EXTI_Callback  main.o
    0x08000c20   0x08000c20   0x00000018   Code   RO         2671    i.HAL_GPIO_EXTI_IRQHandler  stm32f3xx_hal_gpio.o
    0x08000c38   0x08000c38   0x00000180   Code   RO         2672    i.HAL_GPIO_Init     stm32f3xx_hal_gpio.o
    0x08000db8   0x08000db8   0x0000000a   Code   RO         2674    i.HAL_GPIO_ReadPin  stm32f3xx_hal_gpio.o
    0x08000dc2   0x08000dc2   0x0000000a   Code   RO         2676    i.HAL_GPIO_WritePin  stm32f3xx_hal_gpio.o
    0x08000dcc   0x08000dcc   0x0000000c   Code   RO         2359    i.HAL_GetTick       stm32f3xx_hal.o
    0x08000dd8   0x08000dd8   0x00000010   Code   RO         2365    i.HAL_IncTick       stm32f3xx_hal.o
    0x08000de8   0x08000de8   0x00000024   Code   RO         2366    i.HAL_Init          stm32f3xx_hal.o
    0x08000e0c   0x08000e0c   0x00000040   Code   RO         2367    i.HAL_InitTick      stm32f3xx_hal.o
    0x08000e4c   0x08000e4c   0x00000080   Code   RO          580    i.HAL_MspInit       stm32f3xx_hal_msp.o
    0x08000ecc   0x08000ecc   0x00000016   Code   RO         2837    i.HAL_NVIC_EnableIRQ  stm32f3xx_hal_cortex.o
    0x08000ee2   0x08000ee2   0x00000002   PAD
    0x08000ee4   0x08000ee4   0x00000040   Code   RO         2843    i.HAL_NVIC_SetPriority  stm32f3xx_hal_cortex.o
    0x08000f24   0x08000f24   0x00000024   Code   RO         2844    i.HAL_NVIC_SetPriorityGrouping  stm32f3xx_hal_cortex.o
    0x08000f48   0x08000f48   0x00000174   Code   RO         2629    i.HAL_RCCEx_PeriphCLKConfig  stm32f3xx_hal_rcc_ex.o
    0x080010bc   0x080010bc   0x00000144   Code   RO         2523    i.HAL_RCC_ClockConfig  stm32f3xx_hal_rcc.o
    0x08001200   0x08001200   0x0000000c   Code   RO         2528    i.HAL_RCC_GetHCLKFreq  stm32f3xx_hal_rcc.o
    0x0800120c   0x0800120c   0x00000030   Code   RO         2530    i.HAL_RCC_GetPCLK1Freq  stm32f3xx_hal_rcc.o
    0x0800123c   0x0800123c   0x00000030   Code   RO         2531    i.HAL_RCC_GetPCLK2Freq  stm32f3xx_hal_rcc.o
    0x0800126c   0x0800126c   0x00000064   Code   RO         2532    i.HAL_RCC_GetSysClockFreq  stm32f3xx_hal_rcc.o
    0x080012d0   0x080012d0   0x00000590   Code   RO         2535    i.HAL_RCC_OscConfig  stm32f3xx_hal_rcc.o
    0x08001860   0x08001860   0x000000ac   Code   RO          669    i.HAL_SPI_Init      stm32f3xx_hal_spi.o
    0x0800190c   0x0800190c   0x00000048   Code   RO          582    i.HAL_SPI_MspInit   stm32f3xx_hal_msp.o
    0x08001954   0x08001954   0x00000176   Code   RO          677    i.HAL_SPI_Transmit  stm32f3xx_hal_spi.o
    0x08001aca   0x08001aca   0x00000018   Code   RO         2846    i.HAL_SYSTICK_CLKSourceConfig  stm32f3xx_hal_cortex.o
    0x08001ae2   0x08001ae2   0x00000002   Code   RO         2847    i.HAL_SYSTICK_Callback  stm32f3xx_hal_cortex.o
    0x08001ae4   0x08001ae4   0x00000028   Code   RO         2848    i.HAL_SYSTICK_Config  stm32f3xx_hal_cortex.o
    0x08001b0c   0x08001b0c   0x00000008   Code   RO         2849    i.HAL_SYSTICK_IRQHandler  stm32f3xx_hal_cortex.o
    0x08001b14   0x08001b14   0x00000002   Code   RO         1655    i.HAL_TIMEx_Break2Callback  stm32f3xx_hal_tim_ex.o
    0x08001b16   0x08001b16   0x00000002   Code   RO         1656    i.HAL_TIMEx_BreakCallback  stm32f3xx_hal_tim_ex.o
    0x08001b18   0x08001b18   0x00000002   Code   RO         1657    i.HAL_TIMEx_CommutationCallback  stm32f3xx_hal_tim_ex.o
    0x08001b1a   0x08001b1a   0x00000002   PAD
    0x08001b1c   0x08001b1c   0x00000088   Code   RO         1658    i.HAL_TIMEx_ConfigBreakDeadTime  stm32f3xx_hal_tim_ex.o
    0x08001ba4   0x08001ba4   0x0000004c   Code   RO         1674    i.HAL_TIMEx_MasterConfigSynchronization  stm32f3xx_hal_tim_ex.o
    0x08001bf0   0x08001bf0   0x00000036   Code   RO         1011    i.HAL_TIM_Base_Init  stm32f3xx_hal_tim.o
    0x08001c26   0x08001c26   0x00000002   PAD
    0x08001c28   0x08001c28   0x000000a0   Code   RO          584    i.HAL_TIM_Base_MspInit  stm32f3xx_hal_msp.o
    0x08001cc8   0x08001cc8   0x00000018   Code   RO         1016    i.HAL_TIM_Base_Start_IT  stm32f3xx_hal_tim.o
    0x08001ce0   0x08001ce0   0x0000002a   Code   RO         1019    i.HAL_TIM_Base_Stop_IT  stm32f3xx_hal_tim.o
    0x08001d0a   0x08001d0a   0x00000002   PAD
    0x08001d0c   0x08001d0c   0x000000fc   Code   RO         1020    i.HAL_TIM_ConfigClockSource  stm32f3xx_hal_tim.o
    0x08001e08   0x08001e08   0x0000009c   Code   RO         1031    i.HAL_TIM_Encoder_Init  stm32f3xx_hal_tim.o
    0x08001ea4   0x08001ea4   0x00000068   Code   RO          586    i.HAL_TIM_Encoder_MspInit  stm32f3xx_hal_msp.o
    0x08001f0c   0x08001f0c   0x00000034   Code   RO         1034    i.HAL_TIM_Encoder_Start  stm32f3xx_hal_tim.o
    0x08001f40   0x08001f40   0x00000046   Code   RO         1037    i.HAL_TIM_Encoder_Stop  stm32f3xx_hal_tim.o
    0x08001f86   0x08001f86   0x00000002   Code   RO         1042    i.HAL_TIM_IC_CaptureCallback  stm32f3xx_hal_tim.o
    0x08001f88   0x08001f88   0x00000184   Code   RO         1055    i.HAL_TIM_IRQHandler  stm32f3xx_hal_tim.o
    0x0800210c   0x0800210c   0x00000034   Code   RO          587    i.HAL_TIM_MspPostInit  stm32f3xx_hal_msp.o
    0x08002140   0x08002140   0x00000002   Code   RO         1058    i.HAL_TIM_OC_DelayElapsedCallback  stm32f3xx_hal_tim.o
    0x08002142   0x08002142   0x00000128   Code   RO         1694    i.HAL_TIM_PWM_ConfigChannel  stm32f3xx_hal_tim_ex.o
    0x0800226a   0x0800226a   0x00000036   Code   RO         1082    i.HAL_TIM_PWM_Init  stm32f3xx_hal_tim.o
    0x080022a0   0x080022a0   0x00000002   Code   RO         1084    i.HAL_TIM_PWM_MspInit  stm32f3xx_hal_tim.o
    0x080022a2   0x080022a2   0x00000002   Code   RO         1085    i.HAL_TIM_PWM_PulseFinishedCallback  stm32f3xx_hal_tim.o
    0x080022a4   0x080022a4   0x0000004c   Code   RO         1086    i.HAL_TIM_PWM_Start  stm32f3xx_hal_tim.o
    0x080022f0   0x080022f0   0x00000070   Code   RO         1089    i.HAL_TIM_PWM_Stop  stm32f3xx_hal_tim.o
    0x08002360   0x08002360   0x00000110   Code   RO          333    i.HAL_TIM_PeriodElapsedCallback  main.o
    0x08002470   0x08002470   0x00000002   Code   RO         1096    i.HAL_TIM_TriggerCallback  stm32f3xx_hal_tim.o
    0x08002472   0x08002472   0x0000006a   Code   RO         1960    i.HAL_UART_Init     stm32f3xx_hal_uart.o
    0x080024dc   0x080024dc   0x0000004c   Code   RO          589    i.HAL_UART_MspInit  stm32f3xx_hal_msp.o
    0x08002528   0x08002528   0x00000044   Code   RO          158    i.HighlightBottomText  lcd.o
    0x0800256c   0x0800256c   0x000000ee   Code   RO          159    i.HighlightMenuItem  lcd.o
    0x0800265a   0x0800265a   0x00000002   PAD
    0x0800265c   0x0800265c   0x00000072   Code   RO          160    i.HighlightTopLeftText  lcd.o
    0x080026ce   0x080026ce   0x00000070   Code   RO          161    i.HighlightTopRightText  lcd.o
    0x0800273e   0x0800273e   0x0000004e   Code   RO          162    i.InitDisplay       lcd.o
    0x0800278c   0x0800278c   0x00000004   Code   RO          163    i.InitLcdSPI        lcd.o
    0x08002790   0x08002790   0x0000011c   Code   RO          334    i.MX_GPIO_Init      main.o
    0x080028ac   0x080028ac   0x00000050   Code   RO          335    i.MX_SPI1_Init      main.o
    0x080028fc   0x080028fc   0x00000058   Code   RO          336    i.MX_TIM15_Init     main.o
    0x08002954   0x08002954   0x00000080   Code   RO          337    i.MX_TIM16_Init     main.o
    0x080029d4   0x080029d4   0x00000060   Code   RO          338    i.MX_TIM1_Init      main.o
    0x08002a34   0x08002a34   0x00000054   Code   RO          339    i.MX_TIM2_Init      main.o
    0x08002a88   0x08002a88   0x00000038   Code   RO          340    i.MX_USART2_UART_Init  main.o
    0x08002ac0   0x08002ac0   0x00000020   Code   RO         2850    i.NVIC_SetPriority  stm32f3xx_hal_cortex.o
    0x08002ae0   0x08002ae0   0x00000048   Code   RO          707    i.SPI_EndRxTxTransaction  stm32f3xx_hal_spi.o
    0x08002b28   0x08002b28   0x0000009e   Code   RO          712    i.SPI_WaitFifoStateUntilTimeout  stm32f3xx_hal_spi.o
    0x08002bc6   0x08002bc6   0x00000094   Code   RO          713    i.SPI_WaitFlagStateUntilTimeout  stm32f3xx_hal_spi.o
    0x08002c5a   0x08002c5a   0x0000001e   Code   RO          165    i.SetGraphicsMode   lcd.o
    0x08002c78   0x08002c78   0x00000006   Code   RO          166    i.SetTextMode       lcd.o
    0x08002c7e   0x08002c7e   0x0000000e   Code   RO          167    i.SpiWrite          lcd.o
    0x08002c8c   0x08002c8c   0x0000000e   Code   RO          514    i.SysTick_Handler   stm32f3xx_it.o
    0x08002c9a   0x08002c9a   0x00000078   Code   RO          341    i.SystemClock_Config  main.o
    0x08002d12   0x08002d12   0x00000002   PAD
    0x08002d14   0x08002d14   0x00000068   Code   RO         3761    i.SystemInit        system_stm32f3xx.o
    0x08002d7c   0x08002d7c   0x0000001c   Code   RO          515    i.TIM1_BRK_TIM15_IRQHandler  stm32f3xx_it.o
    0x08002d98   0x08002d98   0x0000001c   Code   RO          516    i.TIM1_TRG_COM_TIM17_IRQHandler  stm32f3xx_it.o
    0x08002db4   0x08002db4   0x0000000c   Code   RO          517    i.TIM2_IRQHandler   stm32f3xx_it.o
    0x08002dc0   0x08002dc0   0x00000088   Code   RO         1097    i.TIM_Base_SetConfig  stm32f3xx_hal_tim.o
    0x08002e48   0x08002e48   0x00000016   Code   RO         1098    i.TIM_CCxChannelCmd  stm32f3xx_hal_tim.o
    0x08002e5e   0x08002e5e   0x00000014   Code   RO         1104    i.TIM_ETR_SetConfig  stm32f3xx_hal_tim.o
    0x08002e72   0x08002e72   0x00000010   Code   RO         1105    i.TIM_ITRx_SetConfig  stm32f3xx_hal_tim.o
    0x08002e82   0x08002e82   0x00000002   PAD
    0x08002e84   0x08002e84   0x00000088   Code   RO         1106    i.TIM_OC1_SetConfig  stm32f3xx_hal_tim.o
    0x08002f0c   0x08002f0c   0x00000080   Code   RO         1107    i.TIM_OC2_SetConfig  stm32f3xx_hal_tim.o
    0x08002f8c   0x08002f8c   0x00000080   Code   RO         1108    i.TIM_OC3_SetConfig  stm32f3xx_hal_tim.o
    0x0800300c   0x0800300c   0x0000006c   Code   RO         1109    i.TIM_OC4_SetConfig  stm32f3xx_hal_tim.o
    0x08003078   0x08003078   0x00000064   Code   RO         1697    i.TIM_OC5_SetConfig  stm32f3xx_hal_tim_ex.o
    0x080030dc   0x080030dc   0x00000068   Code   RO         1698    i.TIM_OC6_SetConfig  stm32f3xx_hal_tim_ex.o
    0x08003144   0x08003144   0x00000022   Code   RO         1111    i.TIM_TI1_ConfigInputStage  stm32f3xx_hal_tim.o
    0x08003166   0x08003166   0x00000024   Code   RO         1113    i.TIM_TI2_ConfigInputStage  stm32f3xx_hal_tim.o
    0x0800318a   0x0800318a   0x000000c8   Code   RO         1973    i.UART_AdvFeatureConfig  stm32f3xx_hal_uart.o
    0x08003252   0x08003252   0x0000005c   Code   RO         1974    i.UART_CheckIdleState  stm32f3xx_hal_uart.o
    0x080032ae   0x080032ae   0x00000002   PAD
    0x080032b0   0x080032b0   0x0000014c   Code   RO         1989    i.UART_SetConfig    stm32f3xx_hal_uart.o
    0x080033fc   0x080033fc   0x00000064   Code   RO         1991    i.UART_WaitOnFlagUntilTimeout  stm32f3xx_hal_uart.o
    0x08003460   0x08003460   0x00000036   Code   RO          169    i.WriteInstruction  lcd.o
    0x08003496   0x08003496   0x0000002c   Code   RO          170    i.WriteRam          lcd.o
    0x080034c2   0x080034c2   0x00000002   PAD
    0x080034c4   0x080034c4   0x00000028   Code   RO         4039    i.__0sprintf        mc_w.l(printfa.o)
    0x080034ec   0x080034ec   0x0000000e   Code   RO         4141    i.__scatterload_copy  mc_w.l(handlers.o)
    0x080034fa   0x080034fa   0x00000002   Code   RO         4142    i.__scatterload_null  mc_w.l(handlers.o)
    0x080034fc   0x080034fc   0x0000000e   Code   RO         4143    i.__scatterload_zeroinit  mc_w.l(handlers.o)
    0x0800350a   0x0800350a   0x00000002   PAD
    0x0800350c   0x0800350c   0x00000184   Code   RO         4044    i._fp_digits        mc_w.l(printfa.o)
    0x08003690   0x08003690   0x000006dc   Code   RO         4045    i._printf_core      mc_w.l(printfa.o)
    0x08003d6c   0x08003d6c   0x00000024   Code   RO         4046    i._printf_post_padding  mc_w.l(printfa.o)
    0x08003d90   0x08003d90   0x0000002e   Code   RO         4047    i._printf_pre_padding  mc_w.l(printfa.o)
    0x08003dbe   0x08003dbe   0x0000000a   Code   RO         4049    i._sputc            mc_w.l(printfa.o)
    0x08003dc8   0x08003dc8   0x00000048   Code   RO          343    i.applyPWM          main.o
    0x08003e10   0x08003e10   0x0000002c   Code   RO          344    i.decreaseDisplayedRefRPM  main.o
    0x08003e3c   0x08003e3c   0x0000002c   Code   RO          345    i.decreaseDisplayedVoltage  main.o
    0x08003e68   0x08003e68   0x00000018   Code   RO          346    i.digitsInFloat     main.o
    0x08003e80   0x08003e80   0x00000050   Code   RO         4065    i.free              mc_w.l(malloc.o)
    0x08003ed0   0x08003ed0   0x00000030   Code   RO          347    i.incrementDisplayedRefRPM  main.o
    0x08003f00   0x08003f00   0x00000030   Code   RO          348    i.incrementDisplayedVoltage  main.o
    0x08003f30   0x08003f30   0x0000008c   Code   RO          349    i.main              main.o
    0x08003fbc   0x08003fbc   0x0000006c   Code   RO         4066    i.malloc            mc_w.l(malloc.o)
    0x08004028   0x08004028   0x00000094   Code   RO          350    i.menuAbout         main.o
    0x080040bc   0x080040bc   0x000000f0   Code   RO          351    i.menuControlSelection  main.o
    0x080041ac   0x080041ac   0x000000c8   Code   RO          352    i.menuRpmControl    main.o
    0x08004274   0x08004274   0x000000cc   Code   RO          353    i.menuVoltageControl  main.o
    0x08004340   0x08004340   0x00000140   Code   RO          354    i.refreshScreen     main.o
    0x08004480   0x08004480   0x00000034   Code   RO          355    i.setVoltage        main.o
    0x080044b4   0x080044b4   0x00000054   Code   RO          356    i.underlineHighlight  main.o
    0x08004508   0x08004508   0x00000054   Code   RO          357    i.underlineLowlight  main.o
    0x0800455c   0x0800455c   0x00000020   Data   RO          359    .constdata          main.o
    0x0800457c   0x0800457c   0x00000020   Data   RO         2536    .constdata          stm32f3xx_hal_rcc.o
    0x0800459c   0x0800459c   0x00000010   Data   RO         3762    .constdata          system_stm32f3xx.o
    0x080045ac   0x080045ac   0x00000008   Data   RO         3763    .constdata          system_stm32f3xx.o
    0x080045b4   0x080045b4   0x00000020   Data   RO         4139    Region$$Table       anon$$obj.o


    Execution Region RW_IRAM1 (Exec base: 0x20000000, Load base: 0x080045d4, Size: 0x00000880, Max: 0x00003000, ABSOLUTE)

    Exec Addr    Load Addr    Size         Type   Attr      Idx    E Section Name        Object

    0x20000000   0x080045d4   0x00000050   Data   RW          360    .data               main.o
    0x20000050   0x08004624   0x0000000c   Data   RW         2373    .data               stm32f3xx_hal.o
    0x2000005c   0x08004630   0x00000004   Data   RW         3764    .data               system_stm32f3xx.o
    0x20000060   0x08004634   0x00000004   Data   RW         4116    .data               mc_w.l(mvars.o)
    0x20000064   0x08004638   0x00000004   Data   RW         4117    .data               mc_w.l(mvars.o)
    0x20000068        -       0x00000214   Zero   RW          358    .bss                main.o
    0x2000027c   0x0800463c   0x00000004   PAD
    0x20000280        -       0x00000200   Zero   RW            2    HEAP                startup_stm32f303x8.o
    0x20000480        -       0x00000400   Zero   RW            1    STACK               startup_stm32f303x8.o


==============================================================================

Image component sizes


      Code (inc. data)   RO Data    RW Data    ZI Data      Debug   Object Name

        68         10          0          0          0     515377   dwt_stm32_delay.o
      1242         10          0          0          0      12466   lcd.o
      3624        430         32         80        532      18688   main.o
        36          8        392          0       1536        828   startup_stm32f303x8.o
       164         28          0         12          0      14473   stm32f3xx_hal.o
       228         14          0          0          0      30405   stm32f3xx_hal_cortex.o
       428         32          0          0          0       3618   stm32f3xx_hal_gpio.o
       592         54          0          0          0       4302   stm32f3xx_hal_msp.o
      1956         80         32          0          0       6136   stm32f3xx_hal_rcc.o
       372         12          0          0          0       1440   stm32f3xx_hal_rcc_ex.o
       924          0          0          0          0       5198   stm32f3xx_hal_spi.o
      2054        150          0          0          0      19018   stm32f3xx_hal_tim.o
       718         50          0          0          0       6249   stm32f3xx_hal_tim_ex.o
       830         50          0          0          0       4855   stm32f3xx_hal_uart.o
       108         26          0          0          0       3758   stm32f3xx_it.o
       104         22         24          4          0       1139   system_stm32f3xx.o

    ----------------------------------------------------------------------
     13468        976        512         96       2072     647950   Object Totals
         0          0         32          0          0          0   (incl. Generated)
        20          0          0          0          4          0   (incl. Padding)

    ----------------------------------------------------------------------

      Code (inc. data)   RO Data    RW Data    ZI Data      Debug   Library Member Name

         0          0          0          0          0          0   entry.o
         0          0          0          0          0          0   entry10a.o
         0          0          0          0          0          0   entry11a.o
         8          4          0          0          0          0   entry2.o
         4          0          0          0          0          0   entry5.o
         0          0          0          0          0          0   entry7b.o
         0          0          0          0          0          0   entry8b.o
         8          4          0          0          0          0   entry9a.o
        30          0          0          0          0          0   handlers.o
        36          8          0          0          0         68   init.o
         0          0          0          0          0          0   iusefp.o
        30          0          0          0          0         68   llshl.o
        36          0          0          0          0         68   llsshr.o
        32          0          0          0          0         68   llushr.o
       188         20          0          0          0        160   malloc.o
         0          0          0          8          0          0   mvars.o
      2276         86          0          0          0        520   printfa.o
        44          0          0          0          0         80   uidiv.o
        98          0          0          0          0         92   uldiv.o
        48          0          0          0          0         68   cdrcmple.o
       334          0          0          0          0        148   dadd.o
       222          0          0          0          0        100   ddiv.o
       186          0          0          0          0        176   depilogue.o
        48          0          0          0          0         68   dfixul.o
       228          0          0          0          0         96   dmul.o
        38          0          0          0          0         68   f2d.o

    ----------------------------------------------------------------------
      3896        122          0          8          0       1848   Library Totals
         2          0          0          0          0          0   (incl. Padding)

    ----------------------------------------------------------------------

      Code (inc. data)   RO Data    RW Data    ZI Data      Debug   Library Name

      2790        122          0          8          0       1124   mc_w.l
      1104          0          0          0          0        724   mf_w.l

    ----------------------------------------------------------------------
      3896        122          0          8          0       1848   Library Totals

    ----------------------------------------------------------------------

==============================================================================


      Code (inc. data)   RO Data    RW Data    ZI Data      Debug   

     17364       1098        512        104       2072     637366   Grand Totals
     17364       1098        512        104       2072     637366   ELF Image Totals
     17364       1098        512        104          0          0   ROM Totals

==============================================================================

    Total RO  Size (Code + RO Data)                17876 (  17.46kB)
    Total RW  Size (RW Data + ZI Data)              2176 (   2.13kB)
    Total ROM Size (Code + RO Data + RW Data)      17980 (  17.56kB)

==============================================================================

